Archive member included to satisfy reference by file (symbol)

c:/sysgcc/arm-eabi/bin/../lib/gcc/arm-none-eabi/10.3.1/thumb/v7e-m/nofp\libgcc.a(_aeabi_uldivmod.o)
                              CMakeFiles/2006-cancan-2006.elf.dir/Drivers/STM32F4xx_HAL_Driver/Src/stm32f4xx_hal_rcc.c.obj (__aeabi_uldivmod)
c:/sysgcc/arm-eabi/bin/../lib/gcc/arm-none-eabi/10.3.1/thumb/v7e-m/nofp\libgcc.a(_udivmoddi4.o)
                              c:/sysgcc/arm-eabi/bin/../lib/gcc/arm-none-eabi/10.3.1/thumb/v7e-m/nofp\libgcc.a(_aeabi_uldivmod.o) (__udivmoddi4)
c:/sysgcc/arm-eabi/bin/../lib/gcc/arm-none-eabi/10.3.1/thumb/v7e-m/nofp\libgcc.a(_dvmd_tls.o)
                              c:/sysgcc/arm-eabi/bin/../lib/gcc/arm-none-eabi/10.3.1/thumb/v7e-m/nofp\libgcc.a(_aeabi_uldivmod.o) (__aeabi_ldiv0)
c:/sysgcc/arm-eabi/bin/../lib/gcc/arm-none-eabi/10.3.1/../../../../arm-none-eabi/lib/thumb/v7e-m/nofp\libg.a(lib_a-errno.o)
                              CMakeFiles/2006-cancan-2006.elf.dir/Core/Src/syscalls.c.obj (__errno)
c:/sysgcc/arm-eabi/bin/../lib/gcc/arm-none-eabi/10.3.1/../../../../arm-none-eabi/lib/thumb/v7e-m/nofp\libg.a(lib_a-exit.o)
                              c:/sysgcc/arm-eabi/bin/../lib/gcc/arm-none-eabi/10.3.1/../../../../arm-none-eabi/lib/thumb/v7e-m/nofp/crt0.o (exit)
c:/sysgcc/arm-eabi/bin/../lib/gcc/arm-none-eabi/10.3.1/../../../../arm-none-eabi/lib/thumb/v7e-m/nofp\libg.a(lib_a-impure.o)
                              c:/sysgcc/arm-eabi/bin/../lib/gcc/arm-none-eabi/10.3.1/../../../../arm-none-eabi/lib/thumb/v7e-m/nofp\libg.a(lib_a-exit.o) (_global_impure_ptr)
c:/sysgcc/arm-eabi/bin/../lib/gcc/arm-none-eabi/10.3.1/../../../../arm-none-eabi/lib/thumb/v7e-m/nofp\libg.a(lib_a-init.o)
                              c:/sysgcc/arm-eabi/bin/../lib/gcc/arm-none-eabi/10.3.1/../../../../arm-none-eabi/lib/thumb/v7e-m/nofp/crt0.o (__libc_init_array)
c:/sysgcc/arm-eabi/bin/../lib/gcc/arm-none-eabi/10.3.1/../../../../arm-none-eabi/lib/thumb/v7e-m/nofp\libg.a(lib_a-memset.o)
                              c:/sysgcc/arm-eabi/bin/../lib/gcc/arm-none-eabi/10.3.1/../../../../arm-none-eabi/lib/thumb/v7e-m/nofp/crt0.o (memset)
c:/sysgcc/arm-eabi/bin/../lib/gcc/arm-none-eabi/10.3.1/../../../../arm-none-eabi/lib/thumb/v7e-m/nofp\libg.a(lib_a-__call_atexit.o)
                              c:/sysgcc/arm-eabi/bin/../lib/gcc/arm-none-eabi/10.3.1/../../../../arm-none-eabi/lib/thumb/v7e-m/nofp\libg.a(lib_a-exit.o) (__call_exitprocs)
c:/sysgcc/arm-eabi/bin/../lib/gcc/arm-none-eabi/10.3.1/../../../../arm-none-eabi/lib/thumb/v7e-m/nofp\libg.a(lib_a-atexit.o)
                              c:/sysgcc/arm-eabi/bin/../lib/gcc/arm-none-eabi/10.3.1/../../../../arm-none-eabi/lib/thumb/v7e-m/nofp\libg.a(lib_a-__call_atexit.o) (atexit)
c:/sysgcc/arm-eabi/bin/../lib/gcc/arm-none-eabi/10.3.1/../../../../arm-none-eabi/lib/thumb/v7e-m/nofp\libg.a(lib_a-fini.o)
                              c:/sysgcc/arm-eabi/bin/../lib/gcc/arm-none-eabi/10.3.1/../../../../arm-none-eabi/lib/thumb/v7e-m/nofp\libg.a(lib_a-__call_atexit.o) (__libc_fini_array)
c:/sysgcc/arm-eabi/bin/../lib/gcc/arm-none-eabi/10.3.1/../../../../arm-none-eabi/lib/thumb/v7e-m/nofp\libg.a(lib_a-lock.o)
                              c:/sysgcc/arm-eabi/bin/../lib/gcc/arm-none-eabi/10.3.1/../../../../arm-none-eabi/lib/thumb/v7e-m/nofp\libg.a(lib_a-__call_atexit.o) (__retarget_lock_acquire_recursive)
c:/sysgcc/arm-eabi/bin/../lib/gcc/arm-none-eabi/10.3.1/../../../../arm-none-eabi/lib/thumb/v7e-m/nofp\libg.a(lib_a-__atexit.o)
                              c:/sysgcc/arm-eabi/bin/../lib/gcc/arm-none-eabi/10.3.1/../../../../arm-none-eabi/lib/thumb/v7e-m/nofp\libg.a(lib_a-atexit.o) (__register_exitproc)

Discarded input sections

 .text          0x00000000        0x0 c:/sysgcc/arm-eabi/bin/../lib/gcc/arm-none-eabi/10.3.1/thumb/v7e-m/nofp/crti.o
 .data          0x00000000        0x0 c:/sysgcc/arm-eabi/bin/../lib/gcc/arm-none-eabi/10.3.1/thumb/v7e-m/nofp/crti.o
 .bss           0x00000000        0x0 c:/sysgcc/arm-eabi/bin/../lib/gcc/arm-none-eabi/10.3.1/thumb/v7e-m/nofp/crti.o
 .data          0x00000000        0x4 c:/sysgcc/arm-eabi/bin/../lib/gcc/arm-none-eabi/10.3.1/thumb/v7e-m/nofp/crtbegin.o
 .rodata        0x00000000       0x24 c:/sysgcc/arm-eabi/bin/../lib/gcc/arm-none-eabi/10.3.1/thumb/v7e-m/nofp/crtbegin.o
 .text          0x00000000       0x7c c:/sysgcc/arm-eabi/bin/../lib/gcc/arm-none-eabi/10.3.1/../../../../arm-none-eabi/lib/thumb/v7e-m/nofp/crt0.o
 .data          0x00000000        0x0 c:/sysgcc/arm-eabi/bin/../lib/gcc/arm-none-eabi/10.3.1/../../../../arm-none-eabi/lib/thumb/v7e-m/nofp/crt0.o
 .bss           0x00000000        0x0 c:/sysgcc/arm-eabi/bin/../lib/gcc/arm-none-eabi/10.3.1/../../../../arm-none-eabi/lib/thumb/v7e-m/nofp/crt0.o
 .ARM.extab     0x00000000        0x0 c:/sysgcc/arm-eabi/bin/../lib/gcc/arm-none-eabi/10.3.1/../../../../arm-none-eabi/lib/thumb/v7e-m/nofp/crt0.o
[...]
Memory Configuration

Name             Origin             Length             Attributes
CCMRAM           0x10000000         0x00010000         xrw
RAM              0x20000000         0x00030000         xrw
FLASH            0x08000000         0x00200000         xr
*default*        0x00000000         0xffffffff

Linker script and memory map

LOAD c:/sysgcc/arm-eabi/bin/../lib/gcc/arm-none-eabi/10.3.1/thumb/v7e-m/nofp/crti.o
LOAD c:/sysgcc/arm-eabi/bin/../lib/gcc/arm-none-eabi/10.3.1/thumb/v7e-m/nofp/crtbegin.o
LOAD c:/sysgcc/arm-eabi/bin/../lib/gcc/arm-none-eabi/10.3.1/../../../../arm-none-eabi/lib/thumb/v7e-m/nofp/crt0.o
LOAD CMakeFiles/2006-cancan-2006.elf.dir/Core/Src/can.c.obj
LOAD CMakeFiles/2006-cancan-2006.elf.dir/Core/Src/gpio.c.obj
LOAD CMakeFiles/2006-cancan-2006.elf.dir/Core/Src/main.c.obj
LOAD CMakeFiles/2006-cancan-2006.elf.dir/Core/Src/stm32f4xx_hal_msp.c.obj
LOAD CMakeFiles/2006-cancan-2006.elf.dir/Core/Src/stm32f4xx_it.c.obj
LOAD CMakeFiles/2006-cancan-2006.elf.dir/Core/Src/syscalls.c.obj
LOAD CMakeFiles/2006-cancan-2006.elf.dir/Core/Src/sysmem.c.obj
LOAD CMakeFiles/2006-cancan-2006.elf.dir/Core/Src/system_stm32f4xx.c.obj
LOAD CMakeFiles/2006-cancan-2006.elf.dir/Core/Startup/startup_stm32f427iihx.s.obj
LOAD CMakeFiles/2006-cancan-2006.elf.dir/Drivers/STM32F4xx_HAL_Driver/Src/stm32f4xx_hal.c.obj
LOAD CMakeFiles/2006-cancan-2006.elf.dir/Drivers/STM32F4xx_HAL_Driver/Src/stm32f4xx_hal_can.c.obj
LOAD CMakeFiles/2006-cancan-2006.elf.dir/Drivers/STM32F4xx_HAL_Driver/Src/stm32f4xx_hal_cortex.c.obj
LOAD CMakeFiles/2006-cancan-2006.elf.dir/Drivers/STM32F4xx_HAL_Driver/Src/stm32f4xx_hal_dma.c.obj
LOAD CMakeFiles/2006-cancan-2006.elf.dir/Drivers/STM32F4xx_HAL_Driver/Src/stm32f4xx_hal_dma_ex.c.obj
LOAD CMakeFiles/2006-cancan-2006.elf.dir/Drivers/STM32F4xx_HAL_Driver/Src/stm32f4xx_hal_exti.c.obj
LOAD CMakeFiles/2006-cancan-2006.elf.dir/Drivers/STM32F4xx_HAL_Driver/Src/stm32f4xx_hal_flash.c.obj
LOAD CMakeFiles/2006-cancan-2006.elf.dir/Drivers/STM32F4xx_HAL_Driver/Src/stm32f4xx_hal_flash_ex.c.obj
LOAD CMakeFiles/2006-cancan-2006.elf.dir/Drivers/STM32F4xx_HAL_Driver/Src/stm32f4xx_hal_flash_ramfunc.c.obj
LOAD CMakeFiles/2006-cancan-2006.elf.dir/Drivers/STM32F4xx_HAL_Driver/Src/stm32f4xx_hal_gpio.c.obj
LOAD CMakeFiles/2006-cancan-2006.elf.dir/Drivers/STM32F4xx_HAL_Driver/Src/stm32f4xx_hal_pwr.c.obj
LOAD CMakeFiles/2006-cancan-2006.elf.dir/Drivers/STM32F4xx_HAL_Driver/Src/stm32f4xx_hal_pwr_ex.c.obj
LOAD CMakeFiles/2006-cancan-2006.elf.dir/Drivers/STM32F4xx_HAL_Driver/Src/stm32f4xx_hal_rcc.c.obj
LOAD CMakeFiles/2006-cancan-2006.elf.dir/Drivers/STM32F4xx_HAL_Driver/Src/stm32f4xx_hal_rcc_ex.c.obj
LOAD CMakeFiles/2006-cancan-2006.elf.dir/Drivers/STM32F4xx_HAL_Driver/Src/stm32f4xx_hal_tim.c.obj
LOAD CMakeFiles/2006-cancan-2006.elf.dir/Drivers/STM32F4xx_HAL_Driver/Src/stm32f4xx_hal_tim_ex.c.obj
START GROUP
LOAD c:/sysgcc/arm-eabi/bin/../lib/gcc/arm-none-eabi/10.3.1/thumb/v7e-m/nofp\libgcc.a
LOAD c:/sysgcc/arm-eabi/bin/../lib/gcc/arm-none-eabi/10.3.1/../../../../arm-none-eabi/lib/thumb/v7e-m/nofp\libg.a
LOAD c:/sysgcc/arm-eabi/bin/../lib/gcc/arm-none-eabi/10.3.1/../../../../arm-none-eabi/lib/thumb/v7e-m/nofp\libc.a
END GROUP
LOAD c:/sysgcc/arm-eabi/bin/../lib/gcc/arm-none-eabi/10.3.1/thumb/v7e-m/nofp/crtend.o
LOAD c:/sysgcc/arm-eabi/bin/../lib/gcc/arm-none-eabi/10.3.1/thumb/v7e-m/nofp/crtn.o
                0x20030000                _estack = (ORIGIN (RAM) + LENGTH (RAM))
                0x00000200                _Min_Heap_Size = 0x200
                0x00000400                _Min_Stack_Size = 0x400

.isr_vector     0x08000000      0x1ac
                0x08000000                . = ALIGN (0x4)
 *(.isr_vector)
 .isr_vector    0x08000000      0x1ac CMakeFiles/2006-cancan-2006.elf.dir/Core/Startup/startup_stm32f427iihx.s.obj
                0x08000000                g_pfnVectors
                0x080001ac                . = ALIGN (0x4)

.text           0x080001ac     0x1454
                0x080001ac                . = ALIGN (0x4)
 *(.text)
 .text          0x080001ac       0x40 c:/sysgcc/arm-eabi/bin/../lib/gcc/arm-none-eabi/10.3.1/thumb/v7e-m/nofp/crtbegin.o
 .text          0x080001ec       0x30 c:/sysgcc/arm-eabi/bin/../lib/gcc/arm-none-eabi/10.3.1/thumb/v7e-m/nofp\libgcc.a(_aeabi_uldivmod.o)
                0x080001ec                __aeabi_uldivmod
 .text          0x0800021c      0x2d0 c:/sysgcc/arm-eabi/bin/../lib/gcc/arm-none-eabi/10.3.1/thumb/v7e-m/nofp\libgcc.a(_udivmoddi4.o)
                0x0800021c                __udivmoddi4
 .text          0x080004ec        0x4 c:/sysgcc/arm-eabi/bin/../lib/gcc/arm-none-eabi/10.3.1/thumb/v7e-m/nofp\libgcc.a(_dvmd_tls.o)
                0x080004ec                __aeabi_idiv0
                0x080004ec                __aeabi_ldiv0
 *(.text*)
 .text.MX_CAN1_Init
                0x080004f0       0x3c CMakeFiles/2006-cancan-2006.elf.dir/Core/Src/can.c.obj
                0x080004f0                MX_CAN1_Init
 .text.HAL_CAN_MspInit
                0x0800052c       0x70 CMakeFiles/2006-cancan-2006.elf.dir/Core/Src/can.c.obj
                0x0800052c                HAL_CAN_MspInit
 .text.MX_GPIO_Init
                0x0800059c       0x60 CMakeFiles/2006-cancan-2006.elf.dir/Core/Src/gpio.c.obj
                0x0800059c                MX_GPIO_Init
 .text.Error_Handler
                0x080005fc        0x4 CMakeFiles/2006-cancan-2006.elf.dir/Core/Src/main.c.obj
                0x080005fc                Error_Handler
 .text.SystemClock_Config
                0x08000600       0xb0 CMakeFiles/2006-cancan-2006.elf.dir/Core/Src/main.c.obj
                0x08000600                SystemClock_Config
 .text.main     0x080006b0       0x4c CMakeFiles/2006-cancan-2006.elf.dir/Core/Src/main.c.obj
                0x080006b0                main
 .text.HAL_MspInit
                0x080006fc       0x38 CMakeFiles/2006-cancan-2006.elf.dir/Core/Src/stm32f4xx_hal_msp.c.obj
                0x080006fc                HAL_MspInit
 .text.NMI_Handler
                0x08000734        0x2 CMakeFiles/2006-cancan-2006.elf.dir/Core/Src/stm32f4xx_it.c.obj
                0x08000734                NMI_Handler
 .text.HardFault_Handler
                0x08000736        0x2 CMakeFiles/2006-cancan-2006.elf.dir/Core/Src/stm32f4xx_it.c.obj
                0x08000736                HardFault_Handler
 .text.MemManage_Handler
                0x08000738        0x2 CMakeFiles/2006-cancan-2006.elf.dir/Core/Src/stm32f4xx_it.c.obj
                0x08000738                MemManage_Handler
 .text.BusFault_Handler
                0x0800073a        0x2 CMakeFiles/2006-cancan-2006.elf.dir/Core/Src/stm32f4xx_it.c.obj
                0x0800073a                BusFault_Handler
 .text.UsageFault_Handler
                0x0800073c        0x2 CMakeFiles/2006-cancan-2006.elf.dir/Core/Src/stm32f4xx_it.c.obj
                0x0800073c                UsageFault_Handler
 .text.SVC_Handler
                0x0800073e        0x2 CMakeFiles/2006-cancan-2006.elf.dir/Core/Src/stm32f4xx_it.c.obj
                0x0800073e                SVC_Handler
 .text.DebugMon_Handler
                0x08000740        0x2 CMakeFiles/2006-cancan-2006.elf.dir/Core/Src/stm32f4xx_it.c.obj
                0x08000740                DebugMon_Handler
 .text.PendSV_Handler
                0x08000742        0x2 CMakeFiles/2006-cancan-2006.elf.dir/Core/Src/stm32f4xx_it.c.obj
                0x08000742                PendSV_Handler
 .text.SysTick_Handler
                0x08000744        0x8 CMakeFiles/2006-cancan-2006.elf.dir/Core/Src/stm32f4xx_it.c.obj
                0x08000744                SysTick_Handler
 .text.SystemInit
                0x0800074c        0x2 CMakeFiles/2006-cancan-2006.elf.dir/Core/Src/system_stm32f4xx.c.obj
                0x0800074c                SystemInit
 *fill*         0x0800074e        0x2 
 .text.Reset_Handler
                0x08000750       0x50 CMakeFiles/2006-cancan-2006.elf.dir/Core/Startup/startup_stm32f427iihx.s.obj
                0x08000750                Reset_Handler
 .text.Default_Handler
                0x080007a0        0x2 CMakeFiles/2006-cancan-2006.elf.dir/Core/Startup/startup_stm32f427iihx.s.obj
                0x080007a0                RTC_Alarm_IRQHandler
                0x080007a0                HASH_RNG_IRQHandler
                0x080007a0                EXTI2_IRQHandler
                0x080007a0                TIM8_CC_IRQHandler
                0x080007a0                UART8_IRQHandler
                0x080007a0                SPI4_IRQHandler
                0x080007a0                TIM1_CC_IRQHandler
                0x080007a0                DMA2_Stream5_IRQHandler
                0x080007a0                DMA1_Stream5_IRQHandler
                0x080007a0                PVD_IRQHandler
                0x080007a0                SDIO_IRQHandler
                0x080007a0                TAMP_STAMP_IRQHandler
                0x080007a0                CAN2_RX1_IRQHandler
                0x080007a0                EXTI3_IRQHandler
                0x080007a0                TIM8_TRG_COM_TIM14_IRQHandler
                0x080007a0                TIM1_UP_TIM10_IRQHandler
                0x080007a0                TIM8_UP_TIM13_IRQHandler
                0x080007a0                I2C3_ER_IRQHandler
                0x080007a0                EXTI0_IRQHandler
                0x080007a0                I2C2_EV_IRQHandler
                0x080007a0                DMA1_Stream2_IRQHandler
                0x080007a0                CAN1_RX0_IRQHandler
                0x080007a0                FPU_IRQHandler
                0x080007a0                OTG_HS_WKUP_IRQHandler
                0x080007a0                CAN2_SCE_IRQHandler
                0x080007a0                DMA2_Stream2_IRQHandler
                0x080007a0                SPI1_IRQHandler
                0x080007a0                TIM6_DAC_IRQHandler
                0x080007a0                TIM1_BRK_TIM9_IRQHandler
                0x080007a0                DCMI_IRQHandler
                0x080007a0                CAN2_RX0_IRQHandler
                0x080007a0                DMA2_Stream3_IRQHandler
                0x080007a0                USART6_IRQHandler
                0x080007a0                USART3_IRQHandler
                0x080007a0                CAN1_RX1_IRQHandler
                0x080007a0                UART5_IRQHandler
                0x080007a0                DMA2_Stream0_IRQHandler
                0x080007a0                TIM4_IRQHandler
                0x080007a0                I2C1_EV_IRQHandler
                0x080007a0                DMA1_Stream6_IRQHandler
                0x080007a0                DMA1_Stream1_IRQHandler
                0x080007a0                UART4_IRQHandler
                0x080007a0                TIM3_IRQHandler
                0x080007a0                RCC_IRQHandler
                0x080007a0                TIM8_BRK_TIM12_IRQHandler
                0x080007a0                Default_Handler
                0x080007a0                EXTI15_10_IRQHandler
                0x080007a0                ADC_IRQHandler
                0x080007a0                DMA1_Stream7_IRQHandler
                0x080007a0                SPI5_IRQHandler
                0x080007a0                TIM7_IRQHandler
                0x080007a0                CAN2_TX_IRQHandler
                0x080007a0                TIM5_IRQHandler
                0x080007a0                DMA2_Stream7_IRQHandler
                0x080007a0                I2C3_EV_IRQHandler
                0x080007a0                EXTI9_5_IRQHandler
                0x080007a0                RTC_WKUP_IRQHandler
                0x080007a0                ETH_WKUP_IRQHandler
                0x080007a0                SPI2_IRQHandler
                0x080007a0                OTG_HS_EP1_IN_IRQHandler
                0x080007a0                DMA1_Stream0_IRQHandler
                0x080007a0                CAN1_TX_IRQHandler
                0x080007a0                EXTI4_IRQHandler
                0x080007a0                ETH_IRQHandler
                0x080007a0                OTG_HS_EP1_OUT_IRQHandler
                0x080007a0                WWDG_IRQHandler
                0x080007a0                SPI6_IRQHandler
                0x080007a0                TIM2_IRQHandler
                0x080007a0                OTG_FS_WKUP_IRQHandler
                0x080007a0                TIM1_TRG_COM_TIM11_IRQHandler
                0x080007a0                OTG_HS_IRQHandler
                0x080007a0                DMA2D_IRQHandler
                0x080007a0                EXTI1_IRQHandler
                0x080007a0                UART7_IRQHandler
                0x080007a0                USART2_IRQHandler
                0x080007a0                I2C2_ER_IRQHandler
                0x080007a0                DMA2_Stream1_IRQHandler
                0x080007a0                CAN1_SCE_IRQHandler
                0x080007a0                FLASH_IRQHandler
                0x080007a0                DMA2_Stream4_IRQHandler
                0x080007a0                USART1_IRQHandler
                0x080007a0                OTG_FS_IRQHandler
                0x080007a0                SPI3_IRQHandler
                0x080007a0                DMA1_Stream4_IRQHandler
                0x080007a0                I2C1_ER_IRQHandler
                0x080007a0                FMC_IRQHandler
                0x080007a0                DMA2_Stream6_IRQHandler
                0x080007a0                SAI1_IRQHandler
                0x080007a0                DMA1_Stream3_IRQHandler
 *fill*         0x080007a2        0x2 
 .text.HAL_InitTick
                0x080007a4       0x4c CMakeFiles/2006-cancan-2006.elf.dir/Drivers/STM32F4xx_HAL_Driver/Src/stm32f4xx_hal.c.obj
                0x080007a4                HAL_InitTick
 .text.HAL_Init
                0x080007f0       0x34 CMakeFiles/2006-cancan-2006.elf.dir/Drivers/STM32F4xx_HAL_Driver/Src/stm32f4xx_hal.c.obj
                0x080007f0                HAL_Init
 .text.HAL_IncTick
                0x08000824       0x18 CMakeFiles/2006-cancan-2006.elf.dir/Drivers/STM32F4xx_HAL_Driver/Src/stm32f4xx_hal.c.obj
                0x08000824                HAL_IncTick
 .text.HAL_GetTick
                0x0800083c        0xc CMakeFiles/2006-cancan-2006.elf.dir/Drivers/STM32F4xx_HAL_Driver/Src/stm32f4xx_hal.c.obj
                0x0800083c                HAL_GetTick
 .text.HAL_CAN_Init
                0x08000848      0x14c CMakeFiles/2006-cancan-2006.elf.dir/Drivers/STM32F4xx_HAL_Driver/Src/stm32f4xx_hal_can.c.obj
                0x08000848                HAL_CAN_Init
 .text.HAL_CAN_Start
                0x08000994       0x5c CMakeFiles/2006-cancan-2006.elf.dir/Drivers/STM32F4xx_HAL_Driver/Src/stm32f4xx_hal_can.c.obj
                0x08000994                HAL_CAN_Start
 .text.HAL_CAN_AddTxMessage
                0x080009f0       0xfc CMakeFiles/2006-cancan-2006.elf.dir/Drivers/STM32F4xx_HAL_Driver/Src/stm32f4xx_hal_can.c.obj
                0x080009f0                HAL_CAN_AddTxMessage
 .text.HAL_NVIC_SetPriorityGrouping
                0x08000aec       0x24 CMakeFiles/2006-cancan-2006.elf.dir/Drivers/STM32F4xx_HAL_Driver/Src/stm32f4xx_hal_cortex.c.obj
                0x08000aec                HAL_NVIC_SetPriorityGrouping
 .text.HAL_NVIC_SetPriority
                0x08000b10       0x70 CMakeFiles/2006-cancan-2006.elf.dir/Drivers/STM32F4xx_HAL_Driver/Src/stm32f4xx_hal_cortex.c.obj
                0x08000b10                HAL_NVIC_SetPriority
 .text.HAL_SYSTICK_Config
                0x08000b80       0x28 CMakeFiles/2006-cancan-2006.elf.dir/Drivers/STM32F4xx_HAL_Driver/Src/stm32f4xx_hal_cortex.c.obj
                0x08000b80                HAL_SYSTICK_Config
 .text.HAL_GPIO_Init
                0x08000ba8      0x1fc CMakeFiles/2006-cancan-2006.elf.dir/Drivers/STM32F4xx_HAL_Driver/Src/stm32f4xx_hal_gpio.c.obj
                0x08000ba8                HAL_GPIO_Init
 .text.HAL_PWREx_EnableOverDrive
                0x08000da4       0x7c CMakeFiles/2006-cancan-2006.elf.dir/Drivers/STM32F4xx_HAL_Driver/Src/stm32f4xx_hal_pwr_ex.c.obj
                0x08000da4                HAL_PWREx_EnableOverDrive
 .text.HAL_RCC_OscConfig
                0x08000e20      0x3f8 CMakeFiles/2006-cancan-2006.elf.dir/Drivers/STM32F4xx_HAL_Driver/Src/stm32f4xx_hal_rcc.c.obj
                0x08000e20                HAL_RCC_OscConfig
 .text.HAL_RCC_GetSysClockFreq
                0x08001218       0xa4 CMakeFiles/2006-cancan-2006.elf.dir/Drivers/STM32F4xx_HAL_Driver/Src/stm32f4xx_hal_rcc.c.obj
                0x08001218                HAL_RCC_GetSysClockFreq
 .text.HAL_RCC_ClockConfig
                0x080012bc      0x160 CMakeFiles/2006-cancan-2006.elf.dir/Drivers/STM32F4xx_HAL_Driver/Src/stm32f4xx_hal_rcc.c.obj
                0x080012bc                HAL_RCC_ClockConfig
 .text.__libc_init_array
                0x0800141c       0x48 c:/sysgcc/arm-eabi/bin/../lib/gcc/arm-none-eabi/10.3.1/../../../../arm-none-eabi/lib/thumb/v7e-m/nofp\libg.a(lib_a-init.o)
                0x0800141c                __libc_init_array
 .text.memset   0x08001464       0xa4 c:/sysgcc/arm-eabi/bin/../lib/gcc/arm-none-eabi/10.3.1/../../../../arm-none-eabi/lib/thumb/v7e-m/nofp\libg.a(lib_a-memset.o)
                0x08001464                memset
 .text.startup.register_fini
                0x08001508       0x14 c:/sysgcc/arm-eabi/bin/../lib/gcc/arm-none-eabi/10.3.1/../../../../arm-none-eabi/lib/thumb/v7e-m/nofp\libg.a(lib_a-__call_atexit.o)
 .text.atexit   0x0800151c        0xc c:/sysgcc/arm-eabi/bin/../lib/gcc/arm-none-eabi/10.3.1/../../../../arm-none-eabi/lib/thumb/v7e-m/nofp\libg.a(lib_a-atexit.o)
                0x0800151c                atexit
 .text.__libc_fini_array
                0x08001528       0x2c c:/sysgcc/arm-eabi/bin/../lib/gcc/arm-none-eabi/10.3.1/../../../../arm-none-eabi/lib/thumb/v7e-m/nofp\libg.a(lib_a-fini.o)
                0x08001528                __libc_fini_array
 .text.__retarget_lock_acquire_recursive
                0x08001554        0x4 c:/sysgcc/arm-eabi/bin/../lib/gcc/arm-none-eabi/10.3.1/../../../../arm-none-eabi/lib/thumb/v7e-m/nofp\libg.a(lib_a-lock.o)
                0x08001554                __retarget_lock_acquire_recursive
 .text.__retarget_lock_release_recursive
                0x08001558        0x4 c:/sysgcc/arm-eabi/bin/../lib/gcc/arm-none-eabi/10.3.1/../../../../arm-none-eabi/lib/thumb/v7e-m/nofp\libg.a(lib_a-lock.o)
                0x08001558                __retarget_lock_release_recursive
 .text.__register_exitproc
                0x0800155c       0x8c c:/sysgcc/arm-eabi/bin/../lib/gcc/arm-none-eabi/10.3.1/../../../../arm-none-eabi/lib/thumb/v7e-m/nofp\libg.a(lib_a-__atexit.o)
                0x0800155c                __register_exitproc
 *(.glue_7)
 .glue_7        0x080015e8        0x0 linker stubs
 *(.glue_7t)
 .glue_7t       0x080015e8        0x0 linker stubs
 *(.eh_frame)
 .eh_frame      0x080015e8        0x0 c:/sysgcc/arm-eabi/bin/../lib/gcc/arm-none-eabi/10.3.1/thumb/v7e-m/nofp/crtbegin.o
 *(.init)
 .init          0x080015e8        0x4 c:/sysgcc/arm-eabi/bin/../lib/gcc/arm-none-eabi/10.3.1/thumb/v7e-m/nofp/crti.o
                0x080015e8                _init
 .init          0x080015ec        0x8 c:/sysgcc/arm-eabi/bin/../lib/gcc/arm-none-eabi/10.3.1/thumb/v7e-m/nofp/crtn.o
 *(.fini)
 .fini          0x080015f4        0x4 c:/sysgcc/arm-eabi/bin/../lib/gcc/arm-none-eabi/10.3.1/thumb/v7e-m/nofp/crti.o
                0x080015f4                _fini
 .fini          0x080015f8        0x8 c:/sysgcc/arm-eabi/bin/../lib/gcc/arm-none-eabi/10.3.1/thumb/v7e-m/nofp/crtn.o
                0x08001600                . = ALIGN (0x4)
                0x08001600                _etext = .

.vfp11_veneer   0x08001600        0x0
 .vfp11_veneer  0x08001600        0x0 linker stubs

.v4_bx          0x08001600        0x0
 .v4_bx         0x08001600        0x0 linker stubs

.iplt           0x08001600        0x0
 .iplt          0x08001600        0x0 c:/sysgcc/arm-eabi/bin/../lib/gcc/arm-none-eabi/10.3.1/thumb/v7e-m/nofp/crtbegin.o

.rodata         0x08001600       0x14
                0x08001600                . = ALIGN (0x4)
 *(.rodata)
 *(.rodata*)
 .rodata.AHBPrescTable
                0x08001600       0x10 CMakeFiles/2006-cancan-2006.elf.dir/Core/Src/system_stm32f4xx.c.obj
                0x08001600                AHBPrescTable
 .rodata._global_impure_ptr
                0x08001610        0x4 c:/sysgcc/arm-eabi/bin/../lib/gcc/arm-none-eabi/10.3.1/../../../../arm-none-eabi/lib/thumb/v7e-m/nofp\libg.a(lib_a-impure.o)
                0x08001610                _global_impure_ptr
                0x08001614                . = ALIGN (0x4)

.ARM.extab      0x08001614        0x0
                0x08001614                . = ALIGN (0x4)
 *(.ARM.extab* .gnu.linkonce.armextab.*)
                0x08001614                . = ALIGN (0x4)

.ARM            0x08001614        0x8
                0x08001614                . = ALIGN (0x4)
                0x08001614                __exidx_start = .
 *(.ARM.exidx*)
 .ARM.exidx     0x08001614        0x8 c:/sysgcc/arm-eabi/bin/../lib/gcc/arm-none-eabi/10.3.1/thumb/v7e-m/nofp\libgcc.a(_udivmoddi4.o)
                0x0800161c                __exidx_end = .
                0x0800161c                . = ALIGN (0x4)

.rel.dyn        0x0800161c        0x0
 .rel.iplt      0x0800161c        0x0 c:/sysgcc/arm-eabi/bin/../lib/gcc/arm-none-eabi/10.3.1/thumb/v7e-m/nofp/crtbegin.o

.preinit_array  0x0800161c        0x0
                0x0800161c                . = ALIGN (0x4)
                0x0800161c                PROVIDE (__preinit_array_start = .)
 *(.preinit_array*)
                0x0800161c                PROVIDE (__preinit_array_end = .)
                0x0800161c                . = ALIGN (0x4)

.init_array     0x0800161c        0x8
                0x0800161c                . = ALIGN (0x4)
                0x0800161c                PROVIDE (__init_array_start = .)
 *(SORT_BY_NAME(.init_array.*))
 .init_array.00000
                0x0800161c        0x4 c:/sysgcc/arm-eabi/bin/../lib/gcc/arm-none-eabi/10.3.1/../../../../arm-none-eabi/lib/thumb/v7e-m/nofp\libg.a(lib_a-__call_atexit.o)
 *(.init_array*)
 .init_array    0x08001620        0x4 c:/sysgcc/arm-eabi/bin/../lib/gcc/arm-none-eabi/10.3.1/thumb/v7e-m/nofp/crtbegin.o
                0x08001624                PROVIDE (__init_array_end = .)
                0x08001624                . = ALIGN (0x4)

.fini_array     0x08001624        0x4
                0x08001624                . = ALIGN (0x4)
                0x08001624                PROVIDE (__fini_array_start = .)
 *(SORT_BY_NAME(.fini_array.*))
 *(.fini_array*)
 .fini_array    0x08001624        0x4 c:/sysgcc/arm-eabi/bin/../lib/gcc/arm-none-eabi/10.3.1/thumb/v7e-m/nofp/crtbegin.o
                0x08001628                PROVIDE (__fini_array_end = .)
                0x08001628                . = ALIGN (0x4)
                0x08001628                _sidata = LOADADDR (.data)

.data           0x20000000      0x43c load address 0x08001628
                0x20000000                . = ALIGN (0x4)
                0x20000000                _sdata = .
 *(.data)
 *(.data*)
 .data.SystemCoreClock
                0x20000000        0x4 CMakeFiles/2006-cancan-2006.elf.dir/Core/Src/system_stm32f4xx.c.obj
                0x20000000                SystemCoreClock
 .data.uwTickFreq
                0x20000004        0x1 CMakeFiles/2006-cancan-2006.elf.dir/Drivers/STM32F4xx_HAL_Driver/Src/stm32f4xx_hal.c.obj
                0x20000004                uwTickFreq
 *fill*         0x20000005        0x3 
 .data.uwTickPrio
                0x20000008        0x4 CMakeFiles/2006-cancan-2006.elf.dir/Drivers/STM32F4xx_HAL_Driver/Src/stm32f4xx_hal.c.obj
                0x20000008                uwTickPrio
 *fill*         0x2000000c        0x4 
 .data.impure_data
                0x20000010      0x428 c:/sysgcc/arm-eabi/bin/../lib/gcc/arm-none-eabi/10.3.1/../../../../arm-none-eabi/lib/thumb/v7e-m/nofp\libg.a(lib_a-impure.o)
 .data.__atexit_recursive_mutex
                0x20000438        0x4 c:/sysgcc/arm-eabi/bin/../lib/gcc/arm-none-eabi/10.3.1/../../../../arm-none-eabi/lib/thumb/v7e-m/nofp\libg.a(lib_a-__call_atexit.o)
                0x20000438                __atexit_recursive_mutex
 *(.RamFunc)
 *(.RamFunc*)
                0x2000043c                . = ALIGN (0x4)
                0x2000043c                _edata = .
                0x08001a64                _siccmram = LOADADDR (.ccmram)

.igot.plt       0x2000043c        0x0 load address 0x08001a64
 .igot.plt      0x2000043c        0x0 c:/sysgcc/arm-eabi/bin/../lib/gcc/arm-none-eabi/10.3.1/thumb/v7e-m/nofp/crtbegin.o

.ccmram         0x10000000        0x0 load address 0x08001a64
                0x10000000                . = ALIGN (0x4)
                0x10000000                _sccmram = .
 *(.ccmram)
 *(.ccmram*)
                0x10000000                . = ALIGN (0x4)
                0x10000000                _eccmram = .
                0x10000000                . = ALIGN (0x4)

.bss            0x2000043c       0x4c
                0x2000043c                _sbss = .
                0x2000043c                __bss_start__ = _sbss
 *(.bss)
 .bss           0x2000043c       0x1c c:/sysgcc/arm-eabi/bin/../lib/gcc/arm-none-eabi/10.3.1/thumb/v7e-m/nofp/crtbegin.o
 *(.bss*)
 .bss.hcan1     0x20000458       0x28 CMakeFiles/2006-cancan-2006.elf.dir/Core/Src/can.c.obj
                0x20000458                hcan1
 .bss.uwTick    0x20000480        0x4 CMakeFiles/2006-cancan-2006.elf.dir/Drivers/STM32F4xx_HAL_Driver/Src/stm32f4xx_hal.c.obj
                0x20000480                uwTick
 .bss.__lock___atexit_recursive_mutex
                0x20000484        0x1 c:/sysgcc/arm-eabi/bin/../lib/gcc/arm-none-eabi/10.3.1/../../../../arm-none-eabi/lib/thumb/v7e-m/nofp\libg.a(lib_a-lock.o)
                0x20000484                __lock___atexit_recursive_mutex
 *(COMMON)
                0x20000488                . = ALIGN (0x4)
 *fill*         0x20000485        0x3 
                0x20000488                _ebss = .
                0x20000488                __bss_end__ = _ebss

._user_heap_stack
                0x20000488      0x600
                0x20000488                . = ALIGN (0x8)
                [!provide]                PROVIDE (end = .)
                0x20000488                PROVIDE (_end = .)
                0x20000688                . = (. + _Min_Heap_Size)
 *fill*         0x20000488      0x200 
                0x20000a88                . = (. + _Min_Stack_Size)
 *fill*         0x20000688      0x400 
                0x20000a88                . = ALIGN (0x8)

/DISCARD/
 libc.a(*)
 libm.a(*)
 libgcc.a(*)

.ARM.attributes
                0x00000000       0x2a
 *(.ARM.attributes)
 .ARM.attributes
                0x00000000       0x1e c:/sysgcc/arm-eabi/bin/../lib/gcc/arm-none-eabi/10.3.1/thumb/v7e-m/nofp/crti.o
 .ARM.attributes
                0x0000001e       0x2e c:/sysgcc/arm-eabi/bin/../lib/gcc/arm-none-eabi/10.3.1/thumb/v7e-m/nofp/crtbegin.o
 .ARM.attributes
                0x0000004c       0x2e CMakeFiles/2006-cancan-2006.elf.dir/Core/Src/can.c.obj
 .ARM.attributes
                0x0000007a       0x2e CMakeFiles/2006-cancan-2006.elf.dir/Core/Src/gpio.c.obj
 .ARM.attributes
                0x000000a8       0x2e CMakeFiles/2006-cancan-2006.elf.dir/Core/Src/main.c.obj
 .ARM.attributes
                0x000000d6       0x2e CMakeFiles/2006-cancan-2006.elf.dir/Core/Src/stm32f4xx_hal_msp.c.obj
 .ARM.attributes
                0x00000104       0x2e CMakeFiles/2006-cancan-2006.elf.dir/Core/Src/stm32f4xx_it.c.obj
 .ARM.attributes
                0x00000132       0x2e CMakeFiles/2006-cancan-2006.elf.dir/Core/Src/system_stm32f4xx.c.obj
 .ARM.attributes
                0x00000160       0x21 CMakeFiles/2006-cancan-2006.elf.dir/Core/Startup/startup_stm32f427iihx.s.obj
 .ARM.attributes
                0x00000181       0x2e CMakeFiles/2006-cancan-2006.elf.dir/Drivers/STM32F4xx_HAL_Driver/Src/stm32f4xx_hal.c.obj
 .ARM.attributes
                0x000001af       0x2e CMakeFiles/2006-cancan-2006.elf.dir/Drivers/STM32F4xx_HAL_Driver/Src/stm32f4xx_hal_can.c.obj
 .ARM.attributes
                0x000001dd       0x2e CMakeFiles/2006-cancan-2006.elf.dir/Drivers/STM32F4xx_HAL_Driver/Src/stm32f4xx_hal_cortex.c.obj
 .ARM.attributes
                0x0000020b       0x2e CMakeFiles/2006-cancan-2006.elf.dir/Drivers/STM32F4xx_HAL_Driver/Src/stm32f4xx_hal_gpio.c.obj
 .ARM.attributes
                0x00000239       0x2e CMakeFiles/2006-cancan-2006.elf.dir/Drivers/STM32F4xx_HAL_Driver/Src/stm32f4xx_hal_pwr_ex.c.obj
 .ARM.attributes
                0x00000267       0x2e CMakeFiles/2006-cancan-2006.elf.dir/Drivers/STM32F4xx_HAL_Driver/Src/stm32f4xx_hal_rcc.c.obj
 .ARM.attributes
                0x00000295       0x1e c:/sysgcc/arm-eabi/bin/../lib/gcc/arm-none-eabi/10.3.1/thumb/v7e-m/nofp\libgcc.a(_aeabi_uldivmod.o)
 .ARM.attributes
                0x000002b3       0x2e c:/sysgcc/arm-eabi/bin/../lib/gcc/arm-none-eabi/10.3.1/thumb/v7e-m/nofp\libgcc.a(_udivmoddi4.o)
 .ARM.attributes
                0x000002e1       0x1e c:/sysgcc/arm-eabi/bin/../lib/gcc/arm-none-eabi/10.3.1/thumb/v7e-m/nofp\libgcc.a(_dvmd_tls.o)
 .ARM.attributes
                0x000002ff       0x2e c:/sysgcc/arm-eabi/bin/../lib/gcc/arm-none-eabi/10.3.1/../../../../arm-none-eabi/lib/thumb/v7e-m/nofp\libg.a(lib_a-impure.o)
 .ARM.attributes
                0x0000032d       0x2e c:/sysgcc/arm-eabi/bin/../lib/gcc/arm-none-eabi/10.3.1/../../../../arm-none-eabi/lib/thumb/v7e-m/nofp\libg.a(lib_a-init.o)
 .ARM.attributes
                0x0000035b       0x2e c:/sysgcc/arm-eabi/bin/../lib/gcc/arm-none-eabi/10.3.1/../../../../arm-none-eabi/lib/thumb/v7e-m/nofp\libg.a(lib_a-memset.o)
 .ARM.attributes
                0x00000389       0x2e c:/sysgcc/arm-eabi/bin/../lib/gcc/arm-none-eabi/10.3.1/../../../../arm-none-eabi/lib/thumb/v7e-m/nofp\libg.a(lib_a-__call_atexit.o)
 .ARM.attributes
                0x000003b7       0x2e c:/sysgcc/arm-eabi/bin/../lib/gcc/arm-none-eabi/10.3.1/../../../../arm-none-eabi/lib/thumb/v7e-m/nofp\libg.a(lib_a-atexit.o)
 .ARM.attributes
                0x000003e5       0x2e c:/sysgcc/arm-eabi/bin/../lib/gcc/arm-none-eabi/10.3.1/../../../../arm-none-eabi/lib/thumb/v7e-m/nofp\libg.a(lib_a-fini.o)
 .ARM.attributes
                0x00000413       0x2e c:/sysgcc/arm-eabi/bin/../lib/gcc/arm-none-eabi/10.3.1/../../../../arm-none-eabi/lib/thumb/v7e-m/nofp\libg.a(lib_a-lock.o)
 .ARM.attributes
                0x00000441       0x2e c:/sysgcc/arm-eabi/bin/../lib/gcc/arm-none-eabi/10.3.1/../../../../arm-none-eabi/lib/thumb/v7e-m/nofp\libg.a(lib_a-__atexit.o)
 .ARM.attributes
                0x0000046f       0x1e c:/sysgcc/arm-eabi/bin/../lib/gcc/arm-none-eabi/10.3.1/thumb/v7e-m/nofp/crtn.o
OUTPUT(2006-cancan-2006.elf elf32-littlearm)
LOAD linker stubs
LOAD c:/sysgcc/arm-eabi/bin/../lib/gcc/arm-none-eabi/10.3.1/../../../../arm-none-eabi/lib/thumb/v7e-m/nofp\libc.a
LOAD c:/sysgcc/arm-eabi/bin/../lib/gcc/arm-none-eabi/10.3.1/../../../../arm-none-eabi/lib/thumb/v7e-m/nofp\libm.a
LOAD c:/sysgcc/arm-eabi/bin/../lib/gcc/arm-none-eabi/10.3.1/thumb/v7e-m/nofp\libgcc.a

.debug_info     0x00000000     0x6696
 .debug_info    0x00000000      0x90b CMakeFiles/2006-cancan-2006.elf.dir/Core/Src/can.c.obj
 .debug_info    0x0000090b      0x2fa CMakeFiles/2006-cancan-2006.elf.dir/Core/Src/gpio.c.obj
 .debug_info    0x00000c05      0xab5 CMakeFiles/2006-cancan-2006.elf.dir/Core/Src/main.c.obj
 .debug_info    0x000016ba      0x2c0 CMakeFiles/2006-cancan-2006.elf.dir/Core/Src/stm32f4xx_hal_msp.c.obj
 .debug_info    0x0000197a      0x12f CMakeFiles/2006-cancan-2006.elf.dir/Core/Src/stm32f4xx_it.c.obj
 .debug_info    0x00001aa9      0x399 CMakeFiles/2006-cancan-2006.elf.dir/Core/Src/system_stm32f4xx.c.obj
 .debug_info    0x00001e42       0x22 CMakeFiles/2006-cancan-2006.elf.dir/Core/Startup/startup_stm32f427iihx.s.obj
 .debug_info    0x00001e64      0xa5c CMakeFiles/2006-cancan-2006.elf.dir/Drivers/STM32F4xx_HAL_Driver/Src/stm32f4xx_hal.c.obj
 .debug_info    0x000028c0     0x126e CMakeFiles/2006-cancan-2006.elf.dir/Drivers/STM32F4xx_HAL_Driver/Src/stm32f4xx_hal_can.c.obj
 .debug_info    0x00003b2e     0x10c2 CMakeFiles/2006-cancan-2006.elf.dir/Drivers/STM32F4xx_HAL_Driver/Src/stm32f4xx_hal_cortex.c.obj
 .debug_info    0x00004bf0      0x7cc CMakeFiles/2006-cancan-2006.elf.dir/Drivers/STM32F4xx_HAL_Driver/Src/stm32f4xx_hal_gpio.c.obj
 .debug_info    0x000053bc      0x7bb CMakeFiles/2006-cancan-2006.elf.dir/Drivers/STM32F4xx_HAL_Driver/Src/stm32f4xx_hal_pwr_ex.c.obj
 .debug_info    0x00005b77      0xb1f CMakeFiles/2006-cancan-2006.elf.dir/Drivers/STM32F4xx_HAL_Driver/Src/stm32f4xx_hal_rcc.c.obj

.debug_abbrev   0x00000000     0x1579
 .debug_abbrev  0x00000000      0x1ed CMakeFiles/2006-cancan-2006.elf.dir/Core/Src/can.c.obj
 .debug_abbrev  0x000001ed       0xd1 CMakeFiles/2006-cancan-2006.elf.dir/Core/Src/gpio.c.obj
 .debug_abbrev  0x000002be      0x231 CMakeFiles/2006-cancan-2006.elf.dir/Core/Src/main.c.obj
 .debug_abbrev  0x000004ef       0xd1 CMakeFiles/2006-cancan-2006.elf.dir/Core/Src/stm32f4xx_hal_msp.c.obj
 .debug_abbrev  0x000005c0       0x7e CMakeFiles/2006-cancan-2006.elf.dir/Core/Src/stm32f4xx_it.c.obj
 .debug_abbrev  0x0000063e      0x119 CMakeFiles/2006-cancan-2006.elf.dir/Core/Src/system_stm32f4xx.c.obj
 .debug_abbrev  0x00000757       0x12 CMakeFiles/2006-cancan-2006.elf.dir/Core/Startup/startup_stm32f427iihx.s.obj
 .debug_abbrev  0x00000769      0x206 CMakeFiles/2006-cancan-2006.elf.dir/Drivers/STM32F4xx_HAL_Driver/Src/stm32f4xx_hal.c.obj
 .debug_abbrev  0x0000096f      0x267 CMakeFiles/2006-cancan-2006.elf.dir/Drivers/STM32F4xx_HAL_Driver/Src/stm32f4xx_hal_can.c.obj
 .debug_abbrev  0x00000bd6      0x36a CMakeFiles/2006-cancan-2006.elf.dir/Drivers/STM32F4xx_HAL_Driver/Src/stm32f4xx_hal_cortex.c.obj
 .debug_abbrev  0x00000f40      0x1ef CMakeFiles/2006-cancan-2006.elf.dir/Drivers/STM32F4xx_HAL_Driver/Src/stm32f4xx_hal_gpio.c.obj
 .debug_abbrev  0x0000112f      0x1c0 CMakeFiles/2006-cancan-2006.elf.dir/Drivers/STM32F4xx_HAL_Driver/Src/stm32f4xx_hal_pwr_ex.c.obj
 .debug_abbrev  0x000012ef      0x28a CMakeFiles/2006-cancan-2006.elf.dir/Drivers/STM32F4xx_HAL_Driver/Src/stm32f4xx_hal_rcc.c.obj

.debug_loc      0x00000000     0x251b
 .debug_loc     0x00000000       0x84 CMakeFiles/2006-cancan-2006.elf.dir/Core/Src/can.c.obj
 .debug_loc     0x00000084      0x158 CMakeFiles/2006-cancan-2006.elf.dir/Core/Src/system_stm32f4xx.c.obj
 .debug_loc     0x000001dc      0x141 CMakeFiles/2006-cancan-2006.elf.dir/Drivers/STM32F4xx_HAL_Driver/Src/stm32f4xx_hal.c.obj
 .debug_loc     0x0000031d      0xde6 CMakeFiles/2006-cancan-2006.elf.dir/Drivers/STM32F4xx_HAL_Driver/Src/stm32f4xx_hal_can.c.obj
 .debug_loc     0x00001103      0x744 CMakeFiles/2006-cancan-2006.elf.dir/Drivers/STM32F4xx_HAL_Driver/Src/stm32f4xx_hal_cortex.c.obj
 .debug_loc     0x00001847      0x520 CMakeFiles/2006-cancan-2006.elf.dir/Drivers/STM32F4xx_HAL_Driver/Src/stm32f4xx_hal_gpio.c.obj
 .debug_loc     0x00001d67      0x228 CMakeFiles/2006-cancan-2006.elf.dir/Drivers/STM32F4xx_HAL_Driver/Src/stm32f4xx_hal_pwr_ex.c.obj
 .debug_loc     0x00001f8f      0x58c CMakeFiles/2006-cancan-2006.elf.dir/Drivers/STM32F4xx_HAL_Driver/Src/stm32f4xx_hal_rcc.c.obj

.debug_aranges  0x00000000      0x570
 .debug_aranges
                0x00000000       0x30 CMakeFiles/2006-cancan-2006.elf.dir/Core/Src/can.c.obj
 .debug_aranges
                0x00000030       0x20 CMakeFiles/2006-cancan-2006.elf.dir/Core/Src/gpio.c.obj
 .debug_aranges
                0x00000050       0x30 CMakeFiles/2006-cancan-2006.elf.dir/Core/Src/main.c.obj
 .debug_aranges
                0x00000080       0x20 CMakeFiles/2006-cancan-2006.elf.dir/Core/Src/stm32f4xx_hal_msp.c.obj
 .debug_aranges
                0x000000a0       0x60 CMakeFiles/2006-cancan-2006.elf.dir/Core/Src/stm32f4xx_it.c.obj
 .debug_aranges
                0x00000100       0x28 CMakeFiles/2006-cancan-2006.elf.dir/Core/Src/system_stm32f4xx.c.obj
 .debug_aranges
                0x00000128       0x28 CMakeFiles/2006-cancan-2006.elf.dir/Core/Startup/startup_stm32f427iihx.s.obj
 .debug_aranges
                0x00000150      0x100 CMakeFiles/2006-cancan-2006.elf.dir/Drivers/STM32F4xx_HAL_Driver/Src/stm32f4xx_hal.c.obj
 .debug_aranges
                0x00000250      0x138 CMakeFiles/2006-cancan-2006.elf.dir/Drivers/STM32F4xx_HAL_Driver/Src/stm32f4xx_hal_can.c.obj
 .debug_aranges
                0x00000388       0xa8 CMakeFiles/2006-cancan-2006.elf.dir/Drivers/STM32F4xx_HAL_Driver/Src/stm32f4xx_hal_cortex.c.obj
 .debug_aranges
                0x00000430       0x58 CMakeFiles/2006-cancan-2006.elf.dir/Drivers/STM32F4xx_HAL_Driver/Src/stm32f4xx_hal_gpio.c.obj
 .debug_aranges
                0x00000488       0x60 CMakeFiles/2006-cancan-2006.elf.dir/Drivers/STM32F4xx_HAL_Driver/Src/stm32f4xx_hal_pwr_ex.c.obj
 .debug_aranges
                0x000004e8       0x88 CMakeFiles/2006-cancan-2006.elf.dir/Drivers/STM32F4xx_HAL_Driver/Src/stm32f4xx_hal_rcc.c.obj

.debug_ranges   0x00000000      0x520
 .debug_ranges  0x00000000       0x20 CMakeFiles/2006-cancan-2006.elf.dir/Core/Src/can.c.obj
 .debug_ranges  0x00000020       0x10 CMakeFiles/2006-cancan-2006.elf.dir/Core/Src/gpio.c.obj
 .debug_ranges  0x00000030       0x20 CMakeFiles/2006-cancan-2006.elf.dir/Core/Src/main.c.obj
 .debug_ranges  0x00000050       0x10 CMakeFiles/2006-cancan-2006.elf.dir/Core/Src/stm32f4xx_hal_msp.c.obj
 .debug_ranges  0x00000060       0x50 CMakeFiles/2006-cancan-2006.elf.dir/Core/Src/stm32f4xx_it.c.obj
 .debug_ranges  0x000000b0       0x18 CMakeFiles/2006-cancan-2006.elf.dir/Core/Src/system_stm32f4xx.c.obj
 .debug_ranges  0x000000c8       0x20 CMakeFiles/2006-cancan-2006.elf.dir/Core/Startup/startup_stm32f427iihx.s.obj
 .debug_ranges  0x000000e8       0xf0 CMakeFiles/2006-cancan-2006.elf.dir/Drivers/STM32F4xx_HAL_Driver/Src/stm32f4xx_hal.c.obj
 .debug_ranges  0x000001d8      0x128 CMakeFiles/2006-cancan-2006.elf.dir/Drivers/STM32F4xx_HAL_Driver/Src/stm32f4xx_hal_can.c.obj
 .debug_ranges  0x00000300       0xf8 CMakeFiles/2006-cancan-2006.elf.dir/Drivers/STM32F4xx_HAL_Driver/Src/stm32f4xx_hal_cortex.c.obj
 .debug_ranges  0x000003f8       0x48 CMakeFiles/2006-cancan-2006.elf.dir/Drivers/STM32F4xx_HAL_Driver/Src/stm32f4xx_hal_gpio.c.obj
 .debug_ranges  0x00000440       0x50 CMakeFiles/2006-cancan-2006.elf.dir/Drivers/STM32F4xx_HAL_Driver/Src/stm32f4xx_hal_pwr_ex.c.obj
 .debug_ranges  0x00000490       0x90 CMakeFiles/2006-cancan-2006.elf.dir/Drivers/STM32F4xx_HAL_Driver/Src/stm32f4xx_hal_rcc.c.obj

.debug_line     0x00000000     0x48e6
 .debug_line    0x00000000      0x390 CMakeFiles/2006-cancan-2006.elf.dir/Core/Src/can.c.obj
 .debug_line    0x00000390      0x195 CMakeFiles/2006-cancan-2006.elf.dir/Core/Src/gpio.c.obj
 .debug_line    0x00000525      0x499 CMakeFiles/2006-cancan-2006.elf.dir/Core/Src/main.c.obj
 .debug_line    0x000009be      0x196 CMakeFiles/2006-cancan-2006.elf.dir/Core/Src/stm32f4xx_hal_msp.c.obj
 .debug_line    0x00000b54      0x1f3 CMakeFiles/2006-cancan-2006.elf.dir/Core/Src/stm32f4xx_it.c.obj
 .debug_line    0x00000d47      0x25f CMakeFiles/2006-cancan-2006.elf.dir/Core/Src/system_stm32f4xx.c.obj
 .debug_line    0x00000fa6       0xc3 CMakeFiles/2006-cancan-2006.elf.dir/Core/Startup/startup_stm32f427iihx.s.obj
 .debug_line    0x00001069      0x655 CMakeFiles/2006-cancan-2006.elf.dir/Drivers/STM32F4xx_HAL_Driver/Src/stm32f4xx_hal.c.obj
 .debug_line    0x000016be     0x1195 CMakeFiles/2006-cancan-2006.elf.dir/Drivers/STM32F4xx_HAL_Driver/Src/stm32f4xx_hal_can.c.obj
 .debug_line    0x00002853      0x830 CMakeFiles/2006-cancan-2006.elf.dir/Drivers/STM32F4xx_HAL_Driver/Src/stm32f4xx_hal_cortex.c.obj
 .debug_line    0x00003083      0x770 CMakeFiles/2006-cancan-2006.elf.dir/Drivers/STM32F4xx_HAL_Driver/Src/stm32f4xx_hal_gpio.c.obj
 .debug_line    0x000037f3      0x56a CMakeFiles/2006-cancan-2006.elf.dir/Drivers/STM32F4xx_HAL_Driver/Src/stm32f4xx_hal_pwr_ex.c.obj
 .debug_line    0x00003d5d      0xb89 CMakeFiles/2006-cancan-2006.elf.dir/Drivers/STM32F4xx_HAL_Driver/Src/stm32f4xx_hal_rcc.c.obj

.debug_str      0x00000000     0x23cb
 .debug_str     0x00000000      0x62c CMakeFiles/2006-cancan-2006.elf.dir/Core/Src/can.c.obj
                                0x6a6 (size before relaxing)
 .debug_str     0x0000062c       0x5b CMakeFiles/2006-cancan-2006.elf.dir/Core/Src/gpio.c.obj
                                0x32a (size before relaxing)
 .debug_str     0x00000687      0x26a CMakeFiles/2006-cancan-2006.elf.dir/Core/Src/main.c.obj
                                0x80c (size before relaxing)
 .debug_str     0x000008f1       0x67 CMakeFiles/2006-cancan-2006.elf.dir/Core/Src/stm32f4xx_hal_msp.c.obj
                                0x336 (size before relaxing)
 .debug_str     0x00000958       0xf2 CMakeFiles/2006-cancan-2006.elf.dir/Core/Src/stm32f4xx_it.c.obj
                                0x297 (size before relaxing)
 .debug_str     0x00000a4a       0xc2 CMakeFiles/2006-cancan-2006.elf.dir/Core/Src/system_stm32f4xx.c.obj
                                0x39c (size before relaxing)
 .debug_str     0x00000b0c       0x71 CMakeFiles/2006-cancan-2006.elf.dir/Core/Startup/startup_stm32f427iihx.s.obj
                                 0xc1 (size before relaxing)
 .debug_str     0x00000b7d      0x918 CMakeFiles/2006-cancan-2006.elf.dir/Drivers/STM32F4xx_HAL_Driver/Src/stm32f4xx_hal.c.obj
                                0xc5d (size before relaxing)
 .debug_str     0x00001495      0x54f CMakeFiles/2006-cancan-2006.elf.dir/Drivers/STM32F4xx_HAL_Driver/Src/stm32f4xx_hal_can.c.obj
                                0xab3 (size before relaxing)
 .debug_str     0x000019e4      0x4fe CMakeFiles/2006-cancan-2006.elf.dir/Drivers/STM32F4xx_HAL_Driver/Src/stm32f4xx_hal_cortex.c.obj
                                0xce1 (size before relaxing)
 .debug_str     0x00001ee2      0x191 CMakeFiles/2006-cancan-2006.elf.dir/Drivers/STM32F4xx_HAL_Driver/Src/stm32f4xx_hal_gpio.c.obj
                                0x55b (size before relaxing)
 .debug_str     0x00002073      0x179 CMakeFiles/2006-cancan-2006.elf.dir/Drivers/STM32F4xx_HAL_Driver/Src/stm32f4xx_hal_pwr_ex.c.obj
                                0x546 (size before relaxing)
 .debug_str     0x000021ec      0x1df CMakeFiles/2006-cancan-2006.elf.dir/Drivers/STM32F4xx_HAL_Driver/Src/stm32f4xx_hal_rcc.c.obj
                                0x781 (size before relaxing)

.comment        0x00000000       0x49
 .comment       0x00000000       0x49 CMakeFiles/2006-cancan-2006.elf.dir/Core/Src/can.c.obj
                                 0x4a (size before relaxing)
 .comment       0x00000049       0x4a CMakeFiles/2006-cancan-2006.elf.dir/Core/Src/gpio.c.obj
 .comment       0x00000049       0x4a CMakeFiles/2006-cancan-2006.elf.dir/Core/Src/main.c.obj
 .comment       0x00000049       0x4a CMakeFiles/2006-cancan-2006.elf.dir/Core/Src/stm32f4xx_hal_msp.c.obj
 .comment       0x00000049       0x4a CMakeFiles/2006-cancan-2006.elf.dir/Core/Src/stm32f4xx_it.c.obj
 .comment       0x00000049       0x4a CMakeFiles/2006-cancan-2006.elf.dir/Core/Src/system_stm32f4xx.c.obj
 .comment       0x00000049       0x4a CMakeFiles/2006-cancan-2006.elf.dir/Drivers/STM32F4xx_HAL_Driver/Src/stm32f4xx_hal.c.obj
 .comment       0x00000049       0x4a CMakeFiles/2006-cancan-2006.elf.dir/Drivers/STM32F4xx_HAL_Driver/Src/stm32f4xx_hal_can.c.obj
 .comment       0x00000049       0x4a CMakeFiles/2006-cancan-2006.elf.dir/Drivers/STM32F4xx_HAL_Driver/Src/stm32f4xx_hal_cortex.c.obj
 .comment       0x00000049       0x4a CMakeFiles/2006-cancan-2006.elf.dir/Drivers/STM32F4xx_HAL_Driver/Src/stm32f4xx_hal_gpio.c.obj
 .comment       0x00000049       0x4a CMakeFiles/2006-cancan-2006.elf.dir/Drivers/STM32F4xx_HAL_Driver/Src/stm32f4xx_hal_pwr_ex.c.obj
 .comment       0x00000049       0x4a CMakeFiles/2006-cancan-2006.elf.dir/Drivers/STM32F4xx_HAL_Driver/Src/stm32f4xx_hal_rcc.c.obj

.debug_frame    0x00000000      0xd8c
 .debug_frame   0x00000000       0x60 CMakeFiles/2006-cancan-2006.elf.dir/Core/Src/can.c.obj
 .debug_frame   0x00000060       0x28 CMakeFiles/2006-cancan-2006.elf.dir/Core/Src/gpio.c.obj
 .debug_frame   0x00000088       0x5c CMakeFiles/2006-cancan-2006.elf.dir/Core/Src/main.c.obj
 .debug_frame   0x000000e4       0x28 CMakeFiles/2006-cancan-2006.elf.dir/Core/Src/stm32f4xx_hal_msp.c.obj
 .debug_frame   0x0000010c       0xa8 CMakeFiles/2006-cancan-2006.elf.dir/Core/Src/stm32f4xx_it.c.obj
 .debug_frame   0x000001b4       0x30 CMakeFiles/2006-cancan-2006.elf.dir/Core/Src/system_stm32f4xx.c.obj
 .debug_frame   0x000001e4      0x20c CMakeFiles/2006-cancan-2006.elf.dir/Drivers/STM32F4xx_HAL_Driver/Src/stm32f4xx_hal.c.obj
 .debug_frame   0x000003f0      0x2d0 CMakeFiles/2006-cancan-2006.elf.dir/Drivers/STM32F4xx_HAL_Driver/Src/stm32f4xx_hal_can.c.obj
 .debug_frame   0x000006c0      0x148 CMakeFiles/2006-cancan-2006.elf.dir/Drivers/STM32F4xx_HAL_Driver/Src/stm32f4xx_hal_cortex.c.obj
 .debug_frame   0x00000808       0xd8 CMakeFiles/2006-cancan-2006.elf.dir/Drivers/STM32F4xx_HAL_Driver/Src/stm32f4xx_hal_gpio.c.obj
 .debug_frame   0x000008e0       0xf4 CMakeFiles/2006-cancan-2006.elf.dir/Drivers/STM32F4xx_HAL_Driver/Src/stm32f4xx_hal_pwr_ex.c.obj
 .debug_frame   0x000009d4      0x16c CMakeFiles/2006-cancan-2006.elf.dir/Drivers/STM32F4xx_HAL_Driver/Src/stm32f4xx_hal_rcc.c.obj
 .debug_frame   0x00000b40       0x2c c:/sysgcc/arm-eabi/bin/../lib/gcc/arm-none-eabi/10.3.1/thumb/v7e-m/nofp\libgcc.a(_aeabi_uldivmod.o)
 .debug_frame   0x00000b6c       0x34 c:/sysgcc/arm-eabi/bin/../lib/gcc/arm-none-eabi/10.3.1/thumb/v7e-m/nofp\libgcc.a(_udivmoddi4.o)
 .debug_frame   0x00000ba0       0x2c c:/sysgcc/arm-eabi/bin/../lib/gcc/arm-none-eabi/10.3.1/../../../../arm-none-eabi/lib/thumb/v7e-m/nofp\libg.a(lib_a-init.o)
 .debug_frame   0x00000bcc       0x2c c:/sysgcc/arm-eabi/bin/../lib/gcc/arm-none-eabi/10.3.1/../../../../arm-none-eabi/lib/thumb/v7e-m/nofp\libg.a(lib_a-memset.o)
 .debug_frame   0x00000bf8       0x5c c:/sysgcc/arm-eabi/bin/../lib/gcc/arm-none-eabi/10.3.1/../../../../arm-none-eabi/lib/thumb/v7e-m/nofp\libg.a(lib_a-__call_atexit.o)
 .debug_frame   0x00000c54       0x20 c:/sysgcc/arm-eabi/bin/../lib/gcc/arm-none-eabi/10.3.1/../../../../arm-none-eabi/lib/thumb/v7e-m/nofp\libg.a(lib_a-atexit.o)
 .debug_frame   0x00000c74       0x34 c:/sysgcc/arm-eabi/bin/../lib/gcc/arm-none-eabi/10.3.1/../../../../arm-none-eabi/lib/thumb/v7e-m/nofp\libg.a(lib_a-fini.o)
 .debug_frame   0x00000ca8       0xb0 c:/sysgcc/arm-eabi/bin/../lib/gcc/arm-none-eabi/10.3.1/../../../../arm-none-eabi/lib/thumb/v7e-m/nofp\libg.a(lib_a-lock.o)
 .debug_frame   0x00000d58       0x34 c:/sysgcc/arm-eabi/bin/../lib/gcc/arm-none-eabi/10.3.1/../../../../arm-none-eabi/lib/thumb/v7e-m/nofp\libg.a(lib_a-__atexit.o)
