Archive member included to satisfy reference by file (symbol)

d:/program files/arm-toolchain/10 2021.10/bin/../lib/gcc/arm-none-eabi/10.3.1/thumb/v7e-m+fp/hard\libgcc.a(_aeabi_uldivmod.o)
                              CMakeFiles/DSPCrossCLion.elf.dir/Drivers/STM32F4xx_HAL_Driver/Src/stm32f4xx_hal_rcc.c.obj (__aeabi_uldivmod)
d:/program files/arm-toolchain/10 2021.10/bin/../lib/gcc/arm-none-eabi/10.3.1/thumb/v7e-m+fp/hard\libgcc.a(_udivmoddi4.o)
                              d:/program files/arm-toolchain/10 2021.10/bin/../lib/gcc/arm-none-eabi/10.3.1/thumb/v7e-m+fp/hard\libgcc.a(_aeabi_uldivmod.o) (__udivmoddi4)
d:/program files/arm-toolchain/10 2021.10/bin/../lib/gcc/arm-none-eabi/10.3.1/thumb/v7e-m+fp/hard\libgcc.a(_dvmd_tls.o)
                              d:/program files/arm-toolchain/10 2021.10/bin/../lib/gcc/arm-none-eabi/10.3.1/thumb/v7e-m+fp/hard\libgcc.a(_aeabi_uldivmod.o) (__aeabi_ldiv0)
d:/program files/arm-toolchain/10 2021.10/bin/../lib/gcc/arm-none-eabi/10.3.1/../../../../arm-none-eabi/lib/thumb/v7e-m+fp/hard\libg.a(lib_a-errno.o)
                              CMakeFiles/DSPCrossCLion.elf.dir/Core/Src/syscalls.c.obj (__errno)
d:/program files/arm-toolchain/10 2021.10/bin/../lib/gcc/arm-none-eabi/10.3.1/../../../../arm-none-eabi/lib/thumb/v7e-m+fp/hard\libg.a(lib_a-exit.o)
                              d:/program files/arm-toolchain/10 2021.10/bin/../lib/gcc/arm-none-eabi/10.3.1/../../../../arm-none-eabi/lib/thumb/v7e-m+fp/hard/crt0.o (exit)
d:/program files/arm-toolchain/10 2021.10/bin/../lib/gcc/arm-none-eabi/10.3.1/../../../../arm-none-eabi/lib/thumb/v7e-m+fp/hard\libg.a(lib_a-impure.o)
                              d:/program files/arm-toolchain/10 2021.10/bin/../lib/gcc/arm-none-eabi/10.3.1/../../../../arm-none-eabi/lib/thumb/v7e-m+fp/hard\libg.a(lib_a-exit.o) (_global_impure_ptr)
d:/program files/arm-toolchain/10 2021.10/bin/../lib/gcc/arm-none-eabi/10.3.1/../../../../arm-none-eabi/lib/thumb/v7e-m+fp/hard\libg.a(lib_a-init.o)
                              d:/program files/arm-toolchain/10 2021.10/bin/../lib/gcc/arm-none-eabi/10.3.1/../../../../arm-none-eabi/lib/thumb/v7e-m+fp/hard/crt0.o (__libc_init_array)
d:/program files/arm-toolchain/10 2021.10/bin/../lib/gcc/arm-none-eabi/10.3.1/../../../../arm-none-eabi/lib/thumb/v7e-m+fp/hard\libg.a(lib_a-memset.o)
                              d:/program files/arm-toolchain/10 2021.10/bin/../lib/gcc/arm-none-eabi/10.3.1/../../../../arm-none-eabi/lib/thumb/v7e-m+fp/hard/crt0.o (memset)
d:/program files/arm-toolchain/10 2021.10/bin/../lib/gcc/arm-none-eabi/10.3.1/../../../../arm-none-eabi/lib/thumb/v7e-m+fp/hard\libg.a(lib_a-__call_atexit.o)
                              d:/program files/arm-toolchain/10 2021.10/bin/../lib/gcc/arm-none-eabi/10.3.1/../../../../arm-none-eabi/lib/thumb/v7e-m+fp/hard\libg.a(lib_a-exit.o) (__call_exitprocs)
d:/program files/arm-toolchain/10 2021.10/bin/../lib/gcc/arm-none-eabi/10.3.1/../../../../arm-none-eabi/lib/thumb/v7e-m+fp/hard\libg.a(lib_a-atexit.o)
                              d:/program files/arm-toolchain/10 2021.10/bin/../lib/gcc/arm-none-eabi/10.3.1/../../../../arm-none-eabi/lib/thumb/v7e-m+fp/hard\libg.a(lib_a-__call_atexit.o) (atexit)
d:/program files/arm-toolchain/10 2021.10/bin/../lib/gcc/arm-none-eabi/10.3.1/../../../../arm-none-eabi/lib/thumb/v7e-m+fp/hard\libg.a(lib_a-fini.o)
                              d:/program files/arm-toolchain/10 2021.10/bin/../lib/gcc/arm-none-eabi/10.3.1/../../../../arm-none-eabi/lib/thumb/v7e-m+fp/hard\libg.a(lib_a-__call_atexit.o) (__libc_fini_array)
d:/program files/arm-toolchain/10 2021.10/bin/../lib/gcc/arm-none-eabi/10.3.1/../../../../arm-none-eabi/lib/thumb/v7e-m+fp/hard\libg.a(lib_a-lock.o)
                              d:/program files/arm-toolchain/10 2021.10/bin/../lib/gcc/arm-none-eabi/10.3.1/../../../../arm-none-eabi/lib/thumb/v7e-m+fp/hard\libg.a(lib_a-__call_atexit.o) (__retarget_lock_acquire_recursive)
d:/program files/arm-toolchain/10 2021.10/bin/../lib/gcc/arm-none-eabi/10.3.1/../../../../arm-none-eabi/lib/thumb/v7e-m+fp/hard\libg.a(lib_a-__atexit.o)
                              d:/program files/arm-toolchain/10 2021.10/bin/../lib/gcc/arm-none-eabi/10.3.1/../../../../arm-none-eabi/lib/thumb/v7e-m+fp/hard\libg.a(lib_a-atexit.o) (__register_exitproc)

Discarded input sections

 .text          0x00000000        0x0 d:/program files/arm-toolchain/10 2021.10/bin/../lib/gcc/arm-none-eabi/10.3.1/thumb/v7e-m+fp/hard/crti.o
 .data          0x00000000        0x0 d:/program files/arm-toolchain/10 2021.10/bin/../lib/gcc/arm-none-eabi/10.3.1/thumb/v7e-m+fp/hard/crti.o
 .bss           0x00000000        0x0 d:/program files/arm-toolchain/10 2021.10/bin/../lib/gcc/arm-none-eabi/10.3.1/thumb/v7e-m+fp/hard/crti.o
 .data          0x00000000        0x4 d:/program files/arm-toolchain/10 2021.10/bin/../lib/gcc/arm-none-eabi/10.3.1/thumb/v7e-m+fp/hard/crtbegin.o
[...]
Memory Configuration

Name             Origin             Length             Attributes
CCMRAM           0x10000000         0x00010000         xrw
RAM              0x20000000         0x00030000         xrw
FLASH            0x08000000         0x00200000         xr
*default*        0x00000000         0xffffffff

Linker script and memory map

LOAD d:/program files/arm-toolchain/10 2021.10/bin/../lib/gcc/arm-none-eabi/10.3.1/thumb/v7e-m+fp/hard/crti.o
LOAD d:/program files/arm-toolchain/10 2021.10/bin/../lib/gcc/arm-none-eabi/10.3.1/thumb/v7e-m+fp/hard/crtbegin.o
LOAD d:/program files/arm-toolchain/10 2021.10/bin/../lib/gcc/arm-none-eabi/10.3.1/../../../../arm-none-eabi/lib/thumb/v7e-m+fp/hard/crt0.o
LOAD CMakeFiles/DSPCrossCLion.elf.dir/Core/Src/can.c.obj
LOAD CMakeFiles/DSPCrossCLion.elf.dir/Core/Src/gpio.c.obj
LOAD CMakeFiles/DSPCrossCLion.elf.dir/Core/Src/main.c.obj
LOAD CMakeFiles/DSPCrossCLion.elf.dir/Core/Src/stm32f4xx_hal_msp.c.obj
LOAD CMakeFiles/DSPCrossCLion.elf.dir/Core/Src/stm32f4xx_it.c.obj
LOAD CMakeFiles/DSPCrossCLion.elf.dir/Core/Src/syscalls.c.obj
LOAD CMakeFiles/DSPCrossCLion.elf.dir/Core/Src/sysmem.c.obj
LOAD CMakeFiles/DSPCrossCLion.elf.dir/Core/Src/system_stm32f4xx.c.obj
LOAD CMakeFiles/DSPCrossCLion.elf.dir/Core/Startup/startup_stm32f427iihx.s.obj
LOAD CMakeFiles/DSPCrossCLion.elf.dir/Drivers/STM32F4xx_HAL_Driver/Src/stm32f4xx_hal.c.obj
LOAD CMakeFiles/DSPCrossCLion.elf.dir/Drivers/STM32F4xx_HAL_Driver/Src/stm32f4xx_hal_can.c.obj
LOAD CMakeFiles/DSPCrossCLion.elf.dir/Drivers/STM32F4xx_HAL_Driver/Src/stm32f4xx_hal_cortex.c.obj
LOAD CMakeFiles/DSPCrossCLion.elf.dir/Drivers/STM32F4xx_HAL_Driver/Src/stm32f4xx_hal_dma.c.obj
LOAD CMakeFiles/DSPCrossCLion.elf.dir/Drivers/STM32F4xx_HAL_Driver/Src/stm32f4xx_hal_dma_ex.c.obj
LOAD CMakeFiles/DSPCrossCLion.elf.dir/Drivers/STM32F4xx_HAL_Driver/Src/stm32f4xx_hal_exti.c.obj
LOAD CMakeFiles/DSPCrossCLion.elf.dir/Drivers/STM32F4xx_HAL_Driver/Src/stm32f4xx_hal_flash.c.obj
LOAD CMakeFiles/DSPCrossCLion.elf.dir/Drivers/STM32F4xx_HAL_Driver/Src/stm32f4xx_hal_flash_ex.c.obj
LOAD CMakeFiles/DSPCrossCLion.elf.dir/Drivers/STM32F4xx_HAL_Driver/Src/stm32f4xx_hal_flash_ramfunc.c.obj
LOAD CMakeFiles/DSPCrossCLion.elf.dir/Drivers/STM32F4xx_HAL_Driver/Src/stm32f4xx_hal_gpio.c.obj
LOAD CMakeFiles/DSPCrossCLion.elf.dir/Drivers/STM32F4xx_HAL_Driver/Src/stm32f4xx_hal_pwr.c.obj
LOAD CMakeFiles/DSPCrossCLion.elf.dir/Drivers/STM32F4xx_HAL_Driver/Src/stm32f4xx_hal_pwr_ex.c.obj
LOAD CMakeFiles/DSPCrossCLion.elf.dir/Drivers/STM32F4xx_HAL_Driver/Src/stm32f4xx_hal_rcc.c.obj
LOAD CMakeFiles/DSPCrossCLion.elf.dir/Drivers/STM32F4xx_HAL_Driver/Src/stm32f4xx_hal_rcc_ex.c.obj
LOAD CMakeFiles/DSPCrossCLion.elf.dir/Drivers/STM32F4xx_HAL_Driver/Src/stm32f4xx_hal_tim.c.obj
LOAD CMakeFiles/DSPCrossCLion.elf.dir/Drivers/STM32F4xx_HAL_Driver/Src/stm32f4xx_hal_tim_ex.c.obj
LOAD C:\Users\16624\Desktop\Test\CLion-DSP-CubeIDE\Middlewares\ST\ARM\DSP\Lib\libarm_cortexM4lf_math.a
START GROUP
LOAD d:/program files/arm-toolchain/10 2021.10/bin/../lib/gcc/arm-none-eabi/10.3.1/thumb/v7e-m+fp/hard\libgcc.a
LOAD d:/program files/arm-toolchain/10 2021.10/bin/../lib/gcc/arm-none-eabi/10.3.1/../../../../arm-none-eabi/lib/thumb/v7e-m+fp/hard\libg.a
LOAD d:/program files/arm-toolchain/10 2021.10/bin/../lib/gcc/arm-none-eabi/10.3.1/../../../../arm-none-eabi/lib/thumb/v7e-m+fp/hard\libc.a
END GROUP
LOAD d:/program files/arm-toolchain/10 2021.10/bin/../lib/gcc/arm-none-eabi/10.3.1/thumb/v7e-m+fp/hard/crtend.o
LOAD d:/program files/arm-toolchain/10 2021.10/bin/../lib/gcc/arm-none-eabi/10.3.1/thumb/v7e-m+fp/hard/crtn.o
                0x20030000                _estack = (ORIGIN (RAM) + LENGTH (RAM))
                0x00000200                _Min_Heap_Size = 0x200
                0x00000400                _Min_Stack_Size = 0x400

.isr_vector     0x08000000      0x1ac
                0x08000000                . = ALIGN (0x4)
 *(.isr_vector)
 .isr_vector    0x08000000      0x1ac CMakeFiles/DSPCrossCLion.elf.dir/Core/Startup/startup_stm32f427iihx.s.obj
                0x08000000                g_pfnVectors
                0x080001ac                . = ALIGN (0x4)

.text           0x080001ac     0x1460
                0x080001ac                . = ALIGN (0x4)
 *(.text)
 .text          0x080001ac       0x40 d:/program files/arm-toolchain/10 2021.10/bin/../lib/gcc/arm-none-eabi/10.3.1/thumb/v7e-m+fp/hard/crtbegin.o
 .text          0x080001ec       0x30 d:/program files/arm-toolchain/10 2021.10/bin/../lib/gcc/arm-none-eabi/10.3.1/thumb/v7e-m+fp/hard\libgcc.a(_aeabi_uldivmod.o)
                0x080001ec                __aeabi_uldivmod
 .text          0x0800021c      0x2d0 d:/program files/arm-toolchain/10 2021.10/bin/../lib/gcc/arm-none-eabi/10.3.1/thumb/v7e-m+fp/hard\libgcc.a(_udivmoddi4.o)
                0x0800021c                __udivmoddi4
 .text          0x080004ec        0x4 d:/program files/arm-toolchain/10 2021.10/bin/../lib/gcc/arm-none-eabi/10.3.1/thumb/v7e-m+fp/hard\libgcc.a(_dvmd_tls.o)
                0x080004ec                __aeabi_idiv0
                0x080004ec                __aeabi_ldiv0
 *(.text*)
 .text.MX_CAN1_Init
                0x080004f0       0x3c CMakeFiles/DSPCrossCLion.elf.dir/Core/Src/can.c.obj
                0x080004f0                MX_CAN1_Init
 .text.HAL_CAN_MspInit
                0x0800052c       0x6c CMakeFiles/DSPCrossCLion.elf.dir/Core/Src/can.c.obj
                0x0800052c                HAL_CAN_MspInit
 .text.MX_GPIO_Init
                0x08000598       0x60 CMakeFiles/DSPCrossCLion.elf.dir/Core/Src/gpio.c.obj
                0x08000598                MX_GPIO_Init
 .text.Error_Handler
                0x080005f8        0x4 CMakeFiles/DSPCrossCLion.elf.dir/Core/Src/main.c.obj
                0x080005f8                Error_Handler
 .text.SystemClock_Config
                0x080005fc       0xb0 CMakeFiles/DSPCrossCLion.elf.dir/Core/Src/main.c.obj
                0x080005fc                SystemClock_Config
 .text.main     0x080006ac       0x4c CMakeFiles/DSPCrossCLion.elf.dir/Core/Src/main.c.obj
                0x080006ac                main
 .text.HAL_MspInit
                0x080006f8       0x38 CMakeFiles/DSPCrossCLion.elf.dir/Core/Src/stm32f4xx_hal_msp.c.obj
                0x080006f8                HAL_MspInit
 .text.NMI_Handler
                0x08000730        0x2 CMakeFiles/DSPCrossCLion.elf.dir/Core/Src/stm32f4xx_it.c.obj
                0x08000730                NMI_Handler
 .text.HardFault_Handler
                0x08000732        0x2 CMakeFiles/DSPCrossCLion.elf.dir/Core/Src/stm32f4xx_it.c.obj
                0x08000732                HardFault_Handler
 .text.MemManage_Handler
                0x08000734        0x2 CMakeFiles/DSPCrossCLion.elf.dir/Core/Src/stm32f4xx_it.c.obj
                0x08000734                MemManage_Handler
 .text.BusFault_Handler
                0x08000736        0x2 CMakeFiles/DSPCrossCLion.elf.dir/Core/Src/stm32f4xx_it.c.obj
                0x08000736                BusFault_Handler
 .text.UsageFault_Handler
                0x08000738        0x2 CMakeFiles/DSPCrossCLion.elf.dir/Core/Src/stm32f4xx_it.c.obj
                0x08000738                UsageFault_Handler
 .text.SVC_Handler
                0x0800073a        0x2 CMakeFiles/DSPCrossCLion.elf.dir/Core/Src/stm32f4xx_it.c.obj
                0x0800073a                SVC_Handler
 .text.DebugMon_Handler
                0x0800073c        0x2 CMakeFiles/DSPCrossCLion.elf.dir/Core/Src/stm32f4xx_it.c.obj
                0x0800073c                DebugMon_Handler
 .text.PendSV_Handler
                0x0800073e        0x2 CMakeFiles/DSPCrossCLion.elf.dir/Core/Src/stm32f4xx_it.c.obj
                0x0800073e                PendSV_Handler
 .text.SysTick_Handler
                0x08000740        0x8 CMakeFiles/DSPCrossCLion.elf.dir/Core/Src/stm32f4xx_it.c.obj
                0x08000740                SysTick_Handler
 .text.SystemInit
                0x08000748       0x14 CMakeFiles/DSPCrossCLion.elf.dir/Core/Src/system_stm32f4xx.c.obj
                0x08000748                SystemInit
 .text.Reset_Handler
                0x0800075c       0x50 CMakeFiles/DSPCrossCLion.elf.dir/Core/Startup/startup_stm32f427iihx.s.obj
                0x0800075c                Reset_Handler
 .text.Default_Handler
                0x080007ac        0x2 CMakeFiles/DSPCrossCLion.elf.dir/Core/Startup/startup_stm32f427iihx.s.obj
                0x080007ac                RTC_Alarm_IRQHandler
                0x080007ac                HASH_RNG_IRQHandler
                0x080007ac                EXTI2_IRQHandler
                0x080007ac                TIM8_CC_IRQHandler
                0x080007ac                UART8_IRQHandler
                0x080007ac                SPI4_IRQHandler
                0x080007ac                TIM1_CC_IRQHandler
                0x080007ac                DMA2_Stream5_IRQHandler
                0x080007ac                DMA1_Stream5_IRQHandler
                0x080007ac                PVD_IRQHandler
                0x080007ac                SDIO_IRQHandler
                0x080007ac                TAMP_STAMP_IRQHandler
                0x080007ac                CAN2_RX1_IRQHandler
                0x080007ac                EXTI3_IRQHandler
                0x080007ac                TIM8_TRG_COM_TIM14_IRQHandler
                0x080007ac                TIM1_UP_TIM10_IRQHandler
                0x080007ac                TIM8_UP_TIM13_IRQHandler
                0x080007ac                I2C3_ER_IRQHandler
                0x080007ac                EXTI0_IRQHandler
                0x080007ac                I2C2_EV_IRQHandler
                0x080007ac                DMA1_Stream2_IRQHandler
                0x080007ac                CAN1_RX0_IRQHandler
                0x080007ac                FPU_IRQHandler
                0x080007ac                OTG_HS_WKUP_IRQHandler
                0x080007ac                CAN2_SCE_IRQHandler
                0x080007ac                DMA2_Stream2_IRQHandler
                0x080007ac                SPI1_IRQHandler
                0x080007ac                TIM6_DAC_IRQHandler
                0x080007ac                TIM1_BRK_TIM9_IRQHandler
                0x080007ac                DCMI_IRQHandler
                0x080007ac                CAN2_RX0_IRQHandler
                0x080007ac                DMA2_Stream3_IRQHandler
                0x080007ac                USART6_IRQHandler
                0x080007ac                USART3_IRQHandler
                0x080007ac                CAN1_RX1_IRQHandler
                0x080007ac                UART5_IRQHandler
                0x080007ac                DMA2_Stream0_IRQHandler
                0x080007ac                TIM4_IRQHandler
                0x080007ac                I2C1_EV_IRQHandler
                0x080007ac                DMA1_Stream6_IRQHandler
                0x080007ac                DMA1_Stream1_IRQHandler
                0x080007ac                UART4_IRQHandler
                0x080007ac                TIM3_IRQHandler
                0x080007ac                RCC_IRQHandler
                0x080007ac                TIM8_BRK_TIM12_IRQHandler
                0x080007ac                Default_Handler
                0x080007ac                EXTI15_10_IRQHandler
                0x080007ac                ADC_IRQHandler
                0x080007ac                DMA1_Stream7_IRQHandler
                0x080007ac                SPI5_IRQHandler
                0x080007ac                TIM7_IRQHandler
                0x080007ac                CAN2_TX_IRQHandler
                0x080007ac                TIM5_IRQHandler
                0x080007ac                DMA2_Stream7_IRQHandler
                0x080007ac                I2C3_EV_IRQHandler
                0x080007ac                EXTI9_5_IRQHandler
                0x080007ac                RTC_WKUP_IRQHandler
                0x080007ac                ETH_WKUP_IRQHandler
                0x080007ac                SPI2_IRQHandler
                0x080007ac                OTG_HS_EP1_IN_IRQHandler
                0x080007ac                DMA1_Stream0_IRQHandler
                0x080007ac                CAN1_TX_IRQHandler
                0x080007ac                EXTI4_IRQHandler
                0x080007ac                ETH_IRQHandler
                0x080007ac                OTG_HS_EP1_OUT_IRQHandler
                0x080007ac                WWDG_IRQHandler
                0x080007ac                SPI6_IRQHandler
                0x080007ac                TIM2_IRQHandler
                0x080007ac                OTG_FS_WKUP_IRQHandler
                0x080007ac                TIM1_TRG_COM_TIM11_IRQHandler
                0x080007ac                OTG_HS_IRQHandler
                0x080007ac                DMA2D_IRQHandler
                0x080007ac                EXTI1_IRQHandler
                0x080007ac                UART7_IRQHandler
                0x080007ac                USART2_IRQHandler
                0x080007ac                I2C2_ER_IRQHandler
                0x080007ac                DMA2_Stream1_IRQHandler
                0x080007ac                CAN1_SCE_IRQHandler
                0x080007ac                FLASH_IRQHandler
                0x080007ac                DMA2_Stream4_IRQHandler
                0x080007ac                USART1_IRQHandler
                0x080007ac                OTG_FS_IRQHandler
                0x080007ac                SPI3_IRQHandler
                0x080007ac                DMA1_Stream4_IRQHandler
                0x080007ac                I2C1_ER_IRQHandler
                0x080007ac                FMC_IRQHandler
                0x080007ac                DMA2_Stream6_IRQHandler
                0x080007ac                SAI1_IRQHandler
                0x080007ac                DMA1_Stream3_IRQHandler
 *fill*         0x080007ae        0x2 
 .text.HAL_InitTick
                0x080007b0       0x4c CMakeFiles/DSPCrossCLion.elf.dir/Drivers/STM32F4xx_HAL_Driver/Src/stm32f4xx_hal.c.obj
                0x080007b0                HAL_InitTick
 .text.HAL_Init
                0x080007fc       0x34 CMakeFiles/DSPCrossCLion.elf.dir/Drivers/STM32F4xx_HAL_Driver/Src/stm32f4xx_hal.c.obj
                0x080007fc                HAL_Init
 .text.HAL_IncTick
                0x08000830       0x18 CMakeFiles/DSPCrossCLion.elf.dir/Drivers/STM32F4xx_HAL_Driver/Src/stm32f4xx_hal.c.obj
                0x08000830                HAL_IncTick
 .text.HAL_GetTick
                0x08000848        0xc CMakeFiles/DSPCrossCLion.elf.dir/Drivers/STM32F4xx_HAL_Driver/Src/stm32f4xx_hal.c.obj
                0x08000848                HAL_GetTick
 .text.HAL_CAN_Init
                0x08000854      0x14c CMakeFiles/DSPCrossCLion.elf.dir/Drivers/STM32F4xx_HAL_Driver/Src/stm32f4xx_hal_can.c.obj
                0x08000854                HAL_CAN_Init
 .text.HAL_CAN_Start
                0x080009a0       0x5c CMakeFiles/DSPCrossCLion.elf.dir/Drivers/STM32F4xx_HAL_Driver/Src/stm32f4xx_hal_can.c.obj
                0x080009a0                HAL_CAN_Start
 .text.HAL_CAN_AddTxMessage
                0x080009fc       0xfc CMakeFiles/DSPCrossCLion.elf.dir/Drivers/STM32F4xx_HAL_Driver/Src/stm32f4xx_hal_can.c.obj
                0x080009fc                HAL_CAN_AddTxMessage
 .text.HAL_NVIC_SetPriorityGrouping
                0x08000af8       0x24 CMakeFiles/DSPCrossCLion.elf.dir/Drivers/STM32F4xx_HAL_Driver/Src/stm32f4xx_hal_cortex.c.obj
                0x08000af8                HAL_NVIC_SetPriorityGrouping
 .text.HAL_NVIC_SetPriority
                0x08000b1c       0x70 CMakeFiles/DSPCrossCLion.elf.dir/Drivers/STM32F4xx_HAL_Driver/Src/stm32f4xx_hal_cortex.c.obj
                0x08000b1c                HAL_NVIC_SetPriority
 .text.HAL_SYSTICK_Config
                0x08000b8c       0x28 CMakeFiles/DSPCrossCLion.elf.dir/Drivers/STM32F4xx_HAL_Driver/Src/stm32f4xx_hal_cortex.c.obj
                0x08000b8c                HAL_SYSTICK_Config
 .text.HAL_GPIO_Init
                0x08000bb4      0x1fc CMakeFiles/DSPCrossCLion.elf.dir/Drivers/STM32F4xx_HAL_Driver/Src/stm32f4xx_hal_gpio.c.obj
                0x08000bb4                HAL_GPIO_Init
 .text.HAL_PWREx_EnableOverDrive
                0x08000db0       0x7c CMakeFiles/DSPCrossCLion.elf.dir/Drivers/STM32F4xx_HAL_Driver/Src/stm32f4xx_hal_pwr_ex.c.obj
                0x08000db0                HAL_PWREx_EnableOverDrive
 .text.HAL_RCC_OscConfig
                0x08000e2c      0x3f8 CMakeFiles/DSPCrossCLion.elf.dir/Drivers/STM32F4xx_HAL_Driver/Src/stm32f4xx_hal_rcc.c.obj
                0x08000e2c                HAL_RCC_OscConfig
 .text.HAL_RCC_GetSysClockFreq
                0x08001224       0xa4 CMakeFiles/DSPCrossCLion.elf.dir/Drivers/STM32F4xx_HAL_Driver/Src/stm32f4xx_hal_rcc.c.obj
                0x08001224                HAL_RCC_GetSysClockFreq
 .text.HAL_RCC_ClockConfig
                0x080012c8      0x160 CMakeFiles/DSPCrossCLion.elf.dir/Drivers/STM32F4xx_HAL_Driver/Src/stm32f4xx_hal_rcc.c.obj
                0x080012c8                HAL_RCC_ClockConfig
 .text.__libc_init_array
                0x08001428       0x48 d:/program files/arm-toolchain/10 2021.10/bin/../lib/gcc/arm-none-eabi/10.3.1/../../../../arm-none-eabi/lib/thumb/v7e-m+fp/hard\libg.a(lib_a-init.o)
                0x08001428                __libc_init_array
 .text.memset   0x08001470       0xa4 d:/program files/arm-toolchain/10 2021.10/bin/../lib/gcc/arm-none-eabi/10.3.1/../../../../arm-none-eabi/lib/thumb/v7e-m+fp/hard\libg.a(lib_a-memset.o)
                0x08001470                memset
 .text.startup.register_fini
                0x08001514       0x14 d:/program files/arm-toolchain/10 2021.10/bin/../lib/gcc/arm-none-eabi/10.3.1/../../../../arm-none-eabi/lib/thumb/v7e-m+fp/hard\libg.a(lib_a-__call_atexit.o)
 .text.atexit   0x08001528        0xc d:/program files/arm-toolchain/10 2021.10/bin/../lib/gcc/arm-none-eabi/10.3.1/../../../../arm-none-eabi/lib/thumb/v7e-m+fp/hard\libg.a(lib_a-atexit.o)
                0x08001528                atexit
 .text.__libc_fini_array
                0x08001534       0x2c d:/program files/arm-toolchain/10 2021.10/bin/../lib/gcc/arm-none-eabi/10.3.1/../../../../arm-none-eabi/lib/thumb/v7e-m+fp/hard\libg.a(lib_a-fini.o)
                0x08001534                __libc_fini_array
 .text.__retarget_lock_acquire_recursive
                0x08001560        0x4 d:/program files/arm-toolchain/10 2021.10/bin/../lib/gcc/arm-none-eabi/10.3.1/../../../../arm-none-eabi/lib/thumb/v7e-m+fp/hard\libg.a(lib_a-lock.o)
                0x08001560                __retarget_lock_acquire_recursive
 .text.__retarget_lock_release_recursive
                0x08001564        0x4 d:/program files/arm-toolchain/10 2021.10/bin/../lib/gcc/arm-none-eabi/10.3.1/../../../../arm-none-eabi/lib/thumb/v7e-m+fp/hard\libg.a(lib_a-lock.o)
                0x08001564                __retarget_lock_release_recursive
 .text.__register_exitproc
                0x08001568       0x8c d:/program files/arm-toolchain/10 2021.10/bin/../lib/gcc/arm-none-eabi/10.3.1/../../../../arm-none-eabi/lib/thumb/v7e-m+fp/hard\libg.a(lib_a-__atexit.o)
                0x08001568                __register_exitproc
 *(.glue_7)
 .glue_7        0x080015f4        0x0 linker stubs
 *(.glue_7t)
 .glue_7t       0x080015f4        0x0 linker stubs
 *(.eh_frame)
 .eh_frame      0x080015f4        0x0 d:/program files/arm-toolchain/10 2021.10/bin/../lib/gcc/arm-none-eabi/10.3.1/thumb/v7e-m+fp/hard/crtbegin.o
 *(.init)
 .init          0x080015f4        0x4 d:/program files/arm-toolchain/10 2021.10/bin/../lib/gcc/arm-none-eabi/10.3.1/thumb/v7e-m+fp/hard/crti.o
                0x080015f4                _init
 .init          0x080015f8        0x8 d:/program files/arm-toolchain/10 2021.10/bin/../lib/gcc/arm-none-eabi/10.3.1/thumb/v7e-m+fp/hard/crtn.o
 *(.fini)
 .fini          0x08001600        0x4 d:/program files/arm-toolchain/10 2021.10/bin/../lib/gcc/arm-none-eabi/10.3.1/thumb/v7e-m+fp/hard/crti.o
                0x08001600                _fini
 .fini          0x08001604        0x8 d:/program files/arm-toolchain/10 2021.10/bin/../lib/gcc/arm-none-eabi/10.3.1/thumb/v7e-m+fp/hard/crtn.o
                0x0800160c                . = ALIGN (0x4)
                0x0800160c                _etext = .

.vfp11_veneer   0x0800160c        0x0
 .vfp11_veneer  0x0800160c        0x0 linker stubs

.v4_bx          0x0800160c        0x0
 .v4_bx         0x0800160c        0x0 linker stubs

.iplt           0x0800160c        0x0
 .iplt          0x0800160c        0x0 d:/program files/arm-toolchain/10 2021.10/bin/../lib/gcc/arm-none-eabi/10.3.1/thumb/v7e-m+fp/hard/crtbegin.o

.rodata         0x0800160c       0x14
                0x0800160c                . = ALIGN (0x4)
 *(.rodata)
 *(.rodata*)
 .rodata.AHBPrescTable
                0x0800160c       0x10 CMakeFiles/DSPCrossCLion.elf.dir/Core/Src/system_stm32f4xx.c.obj
                0x0800160c                AHBPrescTable
 .rodata._global_impure_ptr
                0x0800161c        0x4 d:/program files/arm-toolchain/10 2021.10/bin/../lib/gcc/arm-none-eabi/10.3.1/../../../../arm-none-eabi/lib/thumb/v7e-m+fp/hard\libg.a(lib_a-impure.o)
                0x0800161c                _global_impure_ptr
                0x08001620                . = ALIGN (0x4)

.ARM.extab      0x08001620        0x0
                0x08001620                . = ALIGN (0x4)
 *(.ARM.extab* .gnu.linkonce.armextab.*)
                0x08001620                . = ALIGN (0x4)

.ARM            0x08001620        0x8
                0x08001620                . = ALIGN (0x4)
                0x08001620                __exidx_start = .
 *(.ARM.exidx*)
 .ARM.exidx     0x08001620        0x8 d:/program files/arm-toolchain/10 2021.10/bin/../lib/gcc/arm-none-eabi/10.3.1/thumb/v7e-m+fp/hard\libgcc.a(_udivmoddi4.o)
                0x08001628                __exidx_end = .
                0x08001628                . = ALIGN (0x4)

.rel.dyn        0x08001628        0x0
 .rel.iplt      0x08001628        0x0 d:/program files/arm-toolchain/10 2021.10/bin/../lib/gcc/arm-none-eabi/10.3.1/thumb/v7e-m+fp/hard/crtbegin.o

.preinit_array  0x08001628        0x0
                0x08001628                . = ALIGN (0x4)
                0x08001628                PROVIDE (__preinit_array_start = .)
 *(.preinit_array*)
                0x08001628                PROVIDE (__preinit_array_end = .)
                0x08001628                . = ALIGN (0x4)

.init_array     0x08001628        0x8
                0x08001628                . = ALIGN (0x4)
                0x08001628                PROVIDE (__init_array_start = .)
 *(SORT_BY_NAME(.init_array.*))
 .init_array.00000
                0x08001628        0x4 d:/program files/arm-toolchain/10 2021.10/bin/../lib/gcc/arm-none-eabi/10.3.1/../../../../arm-none-eabi/lib/thumb/v7e-m+fp/hard\libg.a(lib_a-__call_atexit.o)
 *(.init_array*)
 .init_array    0x0800162c        0x4 d:/program files/arm-toolchain/10 2021.10/bin/../lib/gcc/arm-none-eabi/10.3.1/thumb/v7e-m+fp/hard/crtbegin.o
                0x08001630                PROVIDE (__init_array_end = .)
                0x08001630                . = ALIGN (0x4)

.fini_array     0x08001630        0x4
                0x08001630                . = ALIGN (0x4)
                0x08001630                PROVIDE (__fini_array_start = .)
 *(SORT_BY_NAME(.fini_array.*))
 *(.fini_array*)
 .fini_array    0x08001630        0x4 d:/program files/arm-toolchain/10 2021.10/bin/../lib/gcc/arm-none-eabi/10.3.1/thumb/v7e-m+fp/hard/crtbegin.o
                0x08001634                PROVIDE (__fini_array_end = .)
                0x08001634                . = ALIGN (0x4)
                0x08001634                _sidata = LOADADDR (.data)

.data           0x20000000      0x43c load address 0x08001634
                0x20000000                . = ALIGN (0x4)
                0x20000000                _sdata = .
 *(.data)
 *(.data*)
 .data.SystemCoreClock
                0x20000000        0x4 CMakeFiles/DSPCrossCLion.elf.dir/Core/Src/system_stm32f4xx.c.obj
                0x20000000                SystemCoreClock
 .data.uwTickFreq
                0x20000004        0x1 CMakeFiles/DSPCrossCLion.elf.dir/Drivers/STM32F4xx_HAL_Driver/Src/stm32f4xx_hal.c.obj
                0x20000004                uwTickFreq
 *fill*         0x20000005        0x3 
 .data.uwTickPrio
                0x20000008        0x4 CMakeFiles/DSPCrossCLion.elf.dir/Drivers/STM32F4xx_HAL_Driver/Src/stm32f4xx_hal.c.obj
                0x20000008                uwTickPrio
 *fill*         0x2000000c        0x4 
 .data.impure_data
                0x20000010      0x428 d:/program files/arm-toolchain/10 2021.10/bin/../lib/gcc/arm-none-eabi/10.3.1/../../../../arm-none-eabi/lib/thumb/v7e-m+fp/hard\libg.a(lib_a-impure.o)
 .data.__atexit_recursive_mutex
                0x20000438        0x4 d:/program files/arm-toolchain/10 2021.10/bin/../lib/gcc/arm-none-eabi/10.3.1/../../../../arm-none-eabi/lib/thumb/v7e-m+fp/hard\libg.a(lib_a-__call_atexit.o)
                0x20000438                __atexit_recursive_mutex
 *(.RamFunc)
 *(.RamFunc*)
                0x2000043c                . = ALIGN (0x4)
                0x2000043c                _edata = .
                0x08001a70                _siccmram = LOADADDR (.ccmram)

.igot.plt       0x2000043c        0x0 load address 0x08001a70
 .igot.plt      0x2000043c        0x0 d:/program files/arm-toolchain/10 2021.10/bin/../lib/gcc/arm-none-eabi/10.3.1/thumb/v7e-m+fp/hard/crtbegin.o

.ccmram         0x10000000        0x0 load address 0x08001a70
                0x10000000                . = ALIGN (0x4)
                0x10000000                _sccmram = .
 *(.ccmram)
 *(.ccmram*)
                0x10000000                . = ALIGN (0x4)
                0x10000000                _eccmram = .
                0x10000000                . = ALIGN (0x4)

.bss            0x2000043c       0x4c
                0x2000043c                _sbss = .
                0x2000043c                __bss_start__ = _sbss
 *(.bss)
 .bss           0x2000043c       0x1c d:/program files/arm-toolchain/10 2021.10/bin/../lib/gcc/arm-none-eabi/10.3.1/thumb/v7e-m+fp/hard/crtbegin.o
 *(.bss*)
 .bss.hcan1     0x20000458       0x28 CMakeFiles/DSPCrossCLion.elf.dir/Core/Src/can.c.obj
                0x20000458                hcan1
 .bss.uwTick    0x20000480        0x4 CMakeFiles/DSPCrossCLion.elf.dir/Drivers/STM32F4xx_HAL_Driver/Src/stm32f4xx_hal.c.obj
                0x20000480                uwTick
 .bss.__lock___atexit_recursive_mutex
                0x20000484        0x1 d:/program files/arm-toolchain/10 2021.10/bin/../lib/gcc/arm-none-eabi/10.3.1/../../../../arm-none-eabi/lib/thumb/v7e-m+fp/hard\libg.a(lib_a-lock.o)
                0x20000484                __lock___atexit_recursive_mutex
 *(COMMON)
                0x20000488                . = ALIGN (0x4)
 *fill*         0x20000485        0x3 
                0x20000488                _ebss = .
                0x20000488                __bss_end__ = _ebss

._user_heap_stack
                0x20000488      0x600
                0x20000488                . = ALIGN (0x8)
                [!provide]                PROVIDE (end = .)
                0x20000488                PROVIDE (_end = .)
                0x20000688                . = (. + _Min_Heap_Size)
 *fill*         0x20000488      0x200 
                0x20000a88                . = (. + _Min_Stack_Size)
 *fill*         0x20000688      0x400 
                0x20000a88                . = ALIGN (0x8)

/DISCARD/
 libc.a(*)
 libm.a(*)
 libgcc.a(*)

.ARM.attributes
                0x00000000       0x30
 *(.ARM.attributes)
 .ARM.attributes
                0x00000000       0x1e d:/program files/arm-toolchain/10 2021.10/bin/../lib/gcc/arm-none-eabi/10.3.1/thumb/v7e-m+fp/hard/crti.o
 .ARM.attributes
                0x0000001e       0x34 d:/program files/arm-toolchain/10 2021.10/bin/../lib/gcc/arm-none-eabi/10.3.1/thumb/v7e-m+fp/hard/crtbegin.o
 .ARM.attributes
                0x00000052       0x34 CMakeFiles/DSPCrossCLion.elf.dir/Core/Src/can.c.obj
 .ARM.attributes
                0x00000086       0x34 CMakeFiles/DSPCrossCLion.elf.dir/Core/Src/gpio.c.obj
 .ARM.attributes
                0x000000ba       0x34 CMakeFiles/DSPCrossCLion.elf.dir/Core/Src/main.c.obj
 .ARM.attributes
                0x000000ee       0x34 CMakeFiles/DSPCrossCLion.elf.dir/Core/Src/stm32f4xx_hal_msp.c.obj
 .ARM.attributes
                0x00000122       0x34 CMakeFiles/DSPCrossCLion.elf.dir/Core/Src/stm32f4xx_it.c.obj
 .ARM.attributes
                0x00000156       0x34 CMakeFiles/DSPCrossCLion.elf.dir/Core/Src/system_stm32f4xx.c.obj
 .ARM.attributes
                0x0000018a       0x21 CMakeFiles/DSPCrossCLion.elf.dir/Core/Startup/startup_stm32f427iihx.s.obj
 .ARM.attributes
                0x000001ab       0x34 CMakeFiles/DSPCrossCLion.elf.dir/Drivers/STM32F4xx_HAL_Driver/Src/stm32f4xx_hal.c.obj
 .ARM.attributes
                0x000001df       0x34 CMakeFiles/DSPCrossCLion.elf.dir/Drivers/STM32F4xx_HAL_Driver/Src/stm32f4xx_hal_can.c.obj
 .ARM.attributes
                0x00000213       0x34 CMakeFiles/DSPCrossCLion.elf.dir/Drivers/STM32F4xx_HAL_Driver/Src/stm32f4xx_hal_cortex.c.obj
 .ARM.attributes
                0x00000247       0x34 CMakeFiles/DSPCrossCLion.elf.dir/Drivers/STM32F4xx_HAL_Driver/Src/stm32f4xx_hal_gpio.c.obj
 .ARM.attributes
                0x0000027b       0x34 CMakeFiles/DSPCrossCLion.elf.dir/Drivers/STM32F4xx_HAL_Driver/Src/stm32f4xx_hal_pwr_ex.c.obj
 .ARM.attributes
                0x000002af       0x34 CMakeFiles/DSPCrossCLion.elf.dir/Drivers/STM32F4xx_HAL_Driver/Src/stm32f4xx_hal_rcc.c.obj
 .ARM.attributes
                0x000002e3       0x1e d:/program files/arm-toolchain/10 2021.10/bin/../lib/gcc/arm-none-eabi/10.3.1/thumb/v7e-m+fp/hard\libgcc.a(_aeabi_uldivmod.o)
 .ARM.attributes
                0x00000301       0x34 d:/program files/arm-toolchain/10 2021.10/bin/../lib/gcc/arm-none-eabi/10.3.1/thumb/v7e-m+fp/hard\libgcc.a(_udivmoddi4.o)
 .ARM.attributes
                0x00000335       0x1e d:/program files/arm-toolchain/10 2021.10/bin/../lib/gcc/arm-none-eabi/10.3.1/thumb/v7e-m+fp/hard\libgcc.a(_dvmd_tls.o)
 .ARM.attributes
                0x00000353       0x34 d:/program files/arm-toolchain/10 2021.10/bin/../lib/gcc/arm-none-eabi/10.3.1/../../../../arm-none-eabi/lib/thumb/v7e-m+fp/hard\libg.a(lib_a-impure.o)
 .ARM.attributes
                0x00000387       0x34 d:/program files/arm-toolchain/10 2021.10/bin/../lib/gcc/arm-none-eabi/10.3.1/../../../../arm-none-eabi/lib/thumb/v7e-m+fp/hard\libg.a(lib_a-init.o)
 .ARM.attributes
                0x000003bb       0x34 d:/program files/arm-toolchain/10 2021.10/bin/../lib/gcc/arm-none-eabi/10.3.1/../../../../arm-none-eabi/lib/thumb/v7e-m+fp/hard\libg.a(lib_a-memset.o)
 .ARM.attributes
                0x000003ef       0x34 d:/program files/arm-toolchain/10 2021.10/bin/../lib/gcc/arm-none-eabi/10.3.1/../../../../arm-none-eabi/lib/thumb/v7e-m+fp/hard\libg.a(lib_a-__call_atexit.o)
 .ARM.attributes
                0x00000423       0x34 d:/program files/arm-toolchain/10 2021.10/bin/../lib/gcc/arm-none-eabi/10.3.1/../../../../arm-none-eabi/lib/thumb/v7e-m+fp/hard\libg.a(lib_a-atexit.o)
 .ARM.attributes
                0x00000457       0x34 d:/program files/arm-toolchain/10 2021.10/bin/../lib/gcc/arm-none-eabi/10.3.1/../../../../arm-none-eabi/lib/thumb/v7e-m+fp/hard\libg.a(lib_a-fini.o)
 .ARM.attributes
                0x0000048b       0x34 d:/program files/arm-toolchain/10 2021.10/bin/../lib/gcc/arm-none-eabi/10.3.1/../../../../arm-none-eabi/lib/thumb/v7e-m+fp/hard\libg.a(lib_a-lock.o)
 .ARM.attributes
                0x000004bf       0x34 d:/program files/arm-toolchain/10 2021.10/bin/../lib/gcc/arm-none-eabi/10.3.1/../../../../arm-none-eabi/lib/thumb/v7e-m+fp/hard\libg.a(lib_a-__atexit.o)
 .ARM.attributes
                0x000004f3       0x1e d:/program files/arm-toolchain/10 2021.10/bin/../lib/gcc/arm-none-eabi/10.3.1/thumb/v7e-m+fp/hard/crtn.o
OUTPUT(DSPCrossCLion.elf elf32-littlearm)
LOAD linker stubs
LOAD d:/program files/arm-toolchain/10 2021.10/bin/../lib/gcc/arm-none-eabi/10.3.1/../../../../arm-none-eabi/lib/thumb/v7e-m+fp/hard\libc.a
LOAD d:/program files/arm-toolchain/10 2021.10/bin/../lib/gcc/arm-none-eabi/10.3.1/../../../../arm-none-eabi/lib/thumb/v7e-m+fp/hard\libm.a
LOAD d:/program files/arm-toolchain/10 2021.10/bin/../lib/gcc/arm-none-eabi/10.3.1/thumb/v7e-m+fp/hard\libgcc.a

.debug_info     0x00000000     0x6864
 .debug_info    0x00000000      0x909 CMakeFiles/DSPCrossCLion.elf.dir/Core/Src/can.c.obj
 .debug_info    0x00000909      0x2fa CMakeFiles/DSPCrossCLion.elf.dir/Core/Src/gpio.c.obj
 .debug_info    0x00000c03      0xaca CMakeFiles/DSPCrossCLion.elf.dir/Core/Src/main.c.obj
 .debug_info    0x000016cd      0x2c0 CMakeFiles/DSPCrossCLion.elf.dir/Core/Src/stm32f4xx_hal_msp.c.obj
 .debug_info    0x0000198d      0x12f CMakeFiles/DSPCrossCLion.elf.dir/Core/Src/stm32f4xx_it.c.obj
 .debug_info    0x00001abc      0x554 CMakeFiles/DSPCrossCLion.elf.dir/Core/Src/system_stm32f4xx.c.obj
 .debug_info    0x00002010       0x22 CMakeFiles/DSPCrossCLion.elf.dir/Core/Startup/startup_stm32f427iihx.s.obj
 .debug_info    0x00002032      0xa5c CMakeFiles/DSPCrossCLion.elf.dir/Drivers/STM32F4xx_HAL_Driver/Src/stm32f4xx_hal.c.obj
 .debug_info    0x00002a8e     0x126e CMakeFiles/DSPCrossCLion.elf.dir/Drivers/STM32F4xx_HAL_Driver/Src/stm32f4xx_hal_can.c.obj
 .debug_info    0x00003cfc     0x10c2 CMakeFiles/DSPCrossCLion.elf.dir/Drivers/STM32F4xx_HAL_Driver/Src/stm32f4xx_hal_cortex.c.obj
 .debug_info    0x00004dbe      0x7cc CMakeFiles/DSPCrossCLion.elf.dir/Drivers/STM32F4xx_HAL_Driver/Src/stm32f4xx_hal_gpio.c.obj
 .debug_info    0x0000558a      0x7bb CMakeFiles/DSPCrossCLion.elf.dir/Drivers/STM32F4xx_HAL_Driver/Src/stm32f4xx_hal_pwr_ex.c.obj
 .debug_info    0x00005d45      0xb1f CMakeFiles/DSPCrossCLion.elf.dir/Drivers/STM32F4xx_HAL_Driver/Src/stm32f4xx_hal_rcc.c.obj

.debug_abbrev   0x00000000     0x1579
 .debug_abbrev  0x00000000      0x1ed CMakeFiles/DSPCrossCLion.elf.dir/Core/Src/can.c.obj
 .debug_abbrev  0x000001ed       0xd1 CMakeFiles/DSPCrossCLion.elf.dir/Core/Src/gpio.c.obj
 .debug_abbrev  0x000002be      0x231 CMakeFiles/DSPCrossCLion.elf.dir/Core/Src/main.c.obj
 .debug_abbrev  0x000004ef       0xd1 CMakeFiles/DSPCrossCLion.elf.dir/Core/Src/stm32f4xx_hal_msp.c.obj
 .debug_abbrev  0x000005c0       0x7e CMakeFiles/DSPCrossCLion.elf.dir/Core/Src/stm32f4xx_it.c.obj
 .debug_abbrev  0x0000063e      0x119 CMakeFiles/DSPCrossCLion.elf.dir/Core/Src/system_stm32f4xx.c.obj
 .debug_abbrev  0x00000757       0x12 CMakeFiles/DSPCrossCLion.elf.dir/Core/Startup/startup_stm32f427iihx.s.obj
 .debug_abbrev  0x00000769      0x206 CMakeFiles/DSPCrossCLion.elf.dir/Drivers/STM32F4xx_HAL_Driver/Src/stm32f4xx_hal.c.obj
 .debug_abbrev  0x0000096f      0x267 CMakeFiles/DSPCrossCLion.elf.dir/Drivers/STM32F4xx_HAL_Driver/Src/stm32f4xx_hal_can.c.obj
 .debug_abbrev  0x00000bd6      0x36a CMakeFiles/DSPCrossCLion.elf.dir/Drivers/STM32F4xx_HAL_Driver/Src/stm32f4xx_hal_cortex.c.obj
 .debug_abbrev  0x00000f40      0x1ef CMakeFiles/DSPCrossCLion.elf.dir/Drivers/STM32F4xx_HAL_Driver/Src/stm32f4xx_hal_gpio.c.obj
 .debug_abbrev  0x0000112f      0x1c0 CMakeFiles/DSPCrossCLion.elf.dir/Drivers/STM32F4xx_HAL_Driver/Src/stm32f4xx_hal_pwr_ex.c.obj
 .debug_abbrev  0x000012ef      0x28a CMakeFiles/DSPCrossCLion.elf.dir/Drivers/STM32F4xx_HAL_Driver/Src/stm32f4xx_hal_rcc.c.obj

.debug_loc      0x00000000     0x251b
 .debug_loc     0x00000000       0x84 CMakeFiles/DSPCrossCLion.elf.dir/Core/Src/can.c.obj
 .debug_loc     0x00000084      0x158 CMakeFiles/DSPCrossCLion.elf.dir/Core/Src/system_stm32f4xx.c.obj
 .debug_loc     0x000001dc      0x141 CMakeFiles/DSPCrossCLion.elf.dir/Drivers/STM32F4xx_HAL_Driver/Src/stm32f4xx_hal.c.obj
 .debug_loc     0x0000031d      0xde6 CMakeFiles/DSPCrossCLion.elf.dir/Drivers/STM32F4xx_HAL_Driver/Src/stm32f4xx_hal_can.c.obj
 .debug_loc     0x00001103      0x744 CMakeFiles/DSPCrossCLion.elf.dir/Drivers/STM32F4xx_HAL_Driver/Src/stm32f4xx_hal_cortex.c.obj
 .debug_loc     0x00001847      0x520 CMakeFiles/DSPCrossCLion.elf.dir/Drivers/STM32F4xx_HAL_Driver/Src/stm32f4xx_hal_gpio.c.obj
 .debug_loc     0x00001d67      0x228 CMakeFiles/DSPCrossCLion.elf.dir/Drivers/STM32F4xx_HAL_Driver/Src/stm32f4xx_hal_pwr_ex.c.obj
 .debug_loc     0x00001f8f      0x58c CMakeFiles/DSPCrossCLion.elf.dir/Drivers/STM32F4xx_HAL_Driver/Src/stm32f4xx_hal_rcc.c.obj

.debug_aranges  0x00000000      0x570
 .debug_aranges
                0x00000000       0x30 CMakeFiles/DSPCrossCLion.elf.dir/Core/Src/can.c.obj
 .debug_aranges
                0x00000030       0x20 CMakeFiles/DSPCrossCLion.elf.dir/Core/Src/gpio.c.obj
 .debug_aranges
                0x00000050       0x30 CMakeFiles/DSPCrossCLion.elf.dir/Core/Src/main.c.obj
 .debug_aranges
                0x00000080       0x20 CMakeFiles/DSPCrossCLion.elf.dir/Core/Src/stm32f4xx_hal_msp.c.obj
 .debug_aranges
                0x000000a0       0x60 CMakeFiles/DSPCrossCLion.elf.dir/Core/Src/stm32f4xx_it.c.obj
 .debug_aranges
                0x00000100       0x28 CMakeFiles/DSPCrossCLion.elf.dir/Core/Src/system_stm32f4xx.c.obj
 .debug_aranges
                0x00000128       0x28 CMakeFiles/DSPCrossCLion.elf.dir/Core/Startup/startup_stm32f427iihx.s.obj
 .debug_aranges
                0x00000150      0x100 CMakeFiles/DSPCrossCLion.elf.dir/Drivers/STM32F4xx_HAL_Driver/Src/stm32f4xx_hal.c.obj
 .debug_aranges
                0x00000250      0x138 CMakeFiles/DSPCrossCLion.elf.dir/Drivers/STM32F4xx_HAL_Driver/Src/stm32f4xx_hal_can.c.obj
 .debug_aranges
                0x00000388       0xa8 CMakeFiles/DSPCrossCLion.elf.dir/Drivers/STM32F4xx_HAL_Driver/Src/stm32f4xx_hal_cortex.c.obj
 .debug_aranges
                0x00000430       0x58 CMakeFiles/DSPCrossCLion.elf.dir/Drivers/STM32F4xx_HAL_Driver/Src/stm32f4xx_hal_gpio.c.obj
 .debug_aranges
                0x00000488       0x60 CMakeFiles/DSPCrossCLion.elf.dir/Drivers/STM32F4xx_HAL_Driver/Src/stm32f4xx_hal_pwr_ex.c.obj
 .debug_aranges
                0x000004e8       0x88 CMakeFiles/DSPCrossCLion.elf.dir/Drivers/STM32F4xx_HAL_Driver/Src/stm32f4xx_hal_rcc.c.obj

.debug_ranges   0x00000000      0x520
 .debug_ranges  0x00000000       0x20 CMakeFiles/DSPCrossCLion.elf.dir/Core/Src/can.c.obj
 .debug_ranges  0x00000020       0x10 CMakeFiles/DSPCrossCLion.elf.dir/Core/Src/gpio.c.obj
 .debug_ranges  0x00000030       0x20 CMakeFiles/DSPCrossCLion.elf.dir/Core/Src/main.c.obj
 .debug_ranges  0x00000050       0x10 CMakeFiles/DSPCrossCLion.elf.dir/Core/Src/stm32f4xx_hal_msp.c.obj
 .debug_ranges  0x00000060       0x50 CMakeFiles/DSPCrossCLion.elf.dir/Core/Src/stm32f4xx_it.c.obj
 .debug_ranges  0x000000b0       0x18 CMakeFiles/DSPCrossCLion.elf.dir/Core/Src/system_stm32f4xx.c.obj
 .debug_ranges  0x000000c8       0x20 CMakeFiles/DSPCrossCLion.elf.dir/Core/Startup/startup_stm32f427iihx.s.obj
 .debug_ranges  0x000000e8       0xf0 CMakeFiles/DSPCrossCLion.elf.dir/Drivers/STM32F4xx_HAL_Driver/Src/stm32f4xx_hal.c.obj
 .debug_ranges  0x000001d8      0x128 CMakeFiles/DSPCrossCLion.elf.dir/Drivers/STM32F4xx_HAL_Driver/Src/stm32f4xx_hal_can.c.obj
 .debug_ranges  0x00000300       0xf8 CMakeFiles/DSPCrossCLion.elf.dir/Drivers/STM32F4xx_HAL_Driver/Src/stm32f4xx_hal_cortex.c.obj
 .debug_ranges  0x000003f8       0x48 CMakeFiles/DSPCrossCLion.elf.dir/Drivers/STM32F4xx_HAL_Driver/Src/stm32f4xx_hal_gpio.c.obj
 .debug_ranges  0x00000440       0x50 CMakeFiles/DSPCrossCLion.elf.dir/Drivers/STM32F4xx_HAL_Driver/Src/stm32f4xx_hal_pwr_ex.c.obj
 .debug_ranges  0x00000490       0x90 CMakeFiles/DSPCrossCLion.elf.dir/Drivers/STM32F4xx_HAL_Driver/Src/stm32f4xx_hal_rcc.c.obj

.debug_line     0x00000000     0x48c2
 .debug_line    0x00000000      0x37e CMakeFiles/DSPCrossCLion.elf.dir/Core/Src/can.c.obj
 .debug_line    0x0000037e      0x1a3 CMakeFiles/DSPCrossCLion.elf.dir/Core/Src/gpio.c.obj
 .debug_line    0x00000521      0x47d CMakeFiles/DSPCrossCLion.elf.dir/Core/Src/main.c.obj
 .debug_line    0x0000099e      0x1a5 CMakeFiles/DSPCrossCLion.elf.dir/Core/Src/stm32f4xx_hal_msp.c.obj
 .debug_line    0x00000b43      0x1d3 CMakeFiles/DSPCrossCLion.elf.dir/Core/Src/stm32f4xx_it.c.obj
 .debug_line    0x00000d16      0x2c8 CMakeFiles/DSPCrossCLion.elf.dir/Core/Src/system_stm32f4xx.c.obj
 .debug_line    0x00000fde       0xb3 CMakeFiles/DSPCrossCLion.elf.dir/Core/Startup/startup_stm32f427iihx.s.obj
 .debug_line    0x00001091      0x643 CMakeFiles/DSPCrossCLion.elf.dir/Drivers/STM32F4xx_HAL_Driver/Src/stm32f4xx_hal.c.obj
 .debug_line    0x000016d4     0x1183 CMakeFiles/DSPCrossCLion.elf.dir/Drivers/STM32F4xx_HAL_Driver/Src/stm32f4xx_hal_can.c.obj
 .debug_line    0x00002857      0x81e CMakeFiles/DSPCrossCLion.elf.dir/Drivers/STM32F4xx_HAL_Driver/Src/stm32f4xx_hal_cortex.c.obj
 .debug_line    0x00003075      0x76e CMakeFiles/DSPCrossCLion.elf.dir/Drivers/STM32F4xx_HAL_Driver/Src/stm32f4xx_hal_gpio.c.obj
 .debug_line    0x000037e3      0x558 CMakeFiles/DSPCrossCLion.elf.dir/Drivers/STM32F4xx_HAL_Driver/Src/stm32f4xx_hal_pwr_ex.c.obj
 .debug_line    0x00003d3b      0xb87 CMakeFiles/DSPCrossCLion.elf.dir/Drivers/STM32F4xx_HAL_Driver/Src/stm32f4xx_hal_rcc.c.obj

.debug_str      0x00000000     0x2306
 .debug_str     0x00000000      0x621 CMakeFiles/DSPCrossCLion.elf.dir/Core/Src/can.c.obj
                                0x69b (size before relaxing)
 .debug_str     0x00000621       0x4b CMakeFiles/DSPCrossCLion.elf.dir/Core/Src/gpio.c.obj
                                0x31f (size before relaxing)
 .debug_str     0x0000066c      0x260 CMakeFiles/DSPCrossCLion.elf.dir/Core/Src/main.c.obj
                                0x813 (size before relaxing)
 .debug_str     0x000008cc       0x57 CMakeFiles/DSPCrossCLion.elf.dir/Core/Src/stm32f4xx_hal_msp.c.obj
                                0x32b (size before relaxing)
 .debug_str     0x00000923       0xe2 CMakeFiles/DSPCrossCLion.elf.dir/Core/Src/stm32f4xx_it.c.obj
                                0x28c (size before relaxing)
 .debug_str     0x00000a05      0x106 CMakeFiles/DSPCrossCLion.elf.dir/Core/Src/system_stm32f4xx.c.obj
                                0x3e5 (size before relaxing)
 .debug_str     0x00000b0b       0x61 CMakeFiles/DSPCrossCLion.elf.dir/Core/Startup/startup_stm32f427iihx.s.obj
                                 0xa1 (size before relaxing)
 .debug_str     0x00000b6c      0x908 CMakeFiles/DSPCrossCLion.elf.dir/Drivers/STM32F4xx_HAL_Driver/Src/stm32f4xx_hal.c.obj
                                0xc52 (size before relaxing)
 .debug_str     0x00001474      0x53f CMakeFiles/DSPCrossCLion.elf.dir/Drivers/STM32F4xx_HAL_Driver/Src/stm32f4xx_hal_can.c.obj
                                0xaa8 (size before relaxing)
 .debug_str     0x000019b3      0x49a CMakeFiles/DSPCrossCLion.elf.dir/Drivers/STM32F4xx_HAL_Driver/Src/stm32f4xx_hal_cortex.c.obj
                                0xcd6 (size before relaxing)
 .debug_str     0x00001e4d      0x181 CMakeFiles/DSPCrossCLion.elf.dir/Drivers/STM32F4xx_HAL_Driver/Src/stm32f4xx_hal_gpio.c.obj
                                0x550 (size before relaxing)
 .debug_str     0x00001fce      0x169 CMakeFiles/DSPCrossCLion.elf.dir/Drivers/STM32F4xx_HAL_Driver/Src/stm32f4xx_hal_pwr_ex.c.obj
                                0x53b (size before relaxing)
 .debug_str     0x00002137      0x1cf CMakeFiles/DSPCrossCLion.elf.dir/Drivers/STM32F4xx_HAL_Driver/Src/stm32f4xx_hal_rcc.c.obj
                                0x776 (size before relaxing)

.comment        0x00000000       0x49
 .comment       0x00000000       0x49 CMakeFiles/DSPCrossCLion.elf.dir/Core/Src/can.c.obj
                                 0x4a (size before relaxing)
 .comment       0x00000049       0x4a CMakeFiles/DSPCrossCLion.elf.dir/Core/Src/gpio.c.obj
 .comment       0x00000049       0x4a CMakeFiles/DSPCrossCLion.elf.dir/Core/Src/main.c.obj
 .comment       0x00000049       0x4a CMakeFiles/DSPCrossCLion.elf.dir/Core/Src/stm32f4xx_hal_msp.c.obj
 .comment       0x00000049       0x4a CMakeFiles/DSPCrossCLion.elf.dir/Core/Src/stm32f4xx_it.c.obj
 .comment       0x00000049       0x4a CMakeFiles/DSPCrossCLion.elf.dir/Core/Src/system_stm32f4xx.c.obj
 .comment       0x00000049       0x4a CMakeFiles/DSPCrossCLion.elf.dir/Drivers/STM32F4xx_HAL_Driver/Src/stm32f4xx_hal.c.obj
 .comment       0x00000049       0x4a CMakeFiles/DSPCrossCLion.elf.dir/Drivers/STM32F4xx_HAL_Driver/Src/stm32f4xx_hal_can.c.obj
 .comment       0x00000049       0x4a CMakeFiles/DSPCrossCLion.elf.dir/Drivers/STM32F4xx_HAL_Driver/Src/stm32f4xx_hal_cortex.c.obj
 .comment       0x00000049       0x4a CMakeFiles/DSPCrossCLion.elf.dir/Drivers/STM32F4xx_HAL_Driver/Src/stm32f4xx_hal_gpio.c.obj
 .comment       0x00000049       0x4a CMakeFiles/DSPCrossCLion.elf.dir/Drivers/STM32F4xx_HAL_Driver/Src/stm32f4xx_hal_pwr_ex.c.obj
 .comment       0x00000049       0x4a CMakeFiles/DSPCrossCLion.elf.dir/Drivers/STM32F4xx_HAL_Driver/Src/stm32f4xx_hal_rcc.c.obj

.debug_frame    0x00000000      0xda0
 .debug_frame   0x00000000       0x60 CMakeFiles/DSPCrossCLion.elf.dir/Core/Src/can.c.obj
 .debug_frame   0x00000060       0x28 CMakeFiles/DSPCrossCLion.elf.dir/Core/Src/gpio.c.obj
 .debug_frame   0x00000088       0x5c CMakeFiles/DSPCrossCLion.elf.dir/Core/Src/main.c.obj
 .debug_frame   0x000000e4       0x28 CMakeFiles/DSPCrossCLion.elf.dir/Core/Src/stm32f4xx_hal_msp.c.obj
 .debug_frame   0x0000010c       0xa8 CMakeFiles/DSPCrossCLion.elf.dir/Core/Src/stm32f4xx_it.c.obj
 .debug_frame   0x000001b4       0x30 CMakeFiles/DSPCrossCLion.elf.dir/Core/Src/system_stm32f4xx.c.obj
 .debug_frame   0x000001e4      0x20c CMakeFiles/DSPCrossCLion.elf.dir/Drivers/STM32F4xx_HAL_Driver/Src/stm32f4xx_hal.c.obj
 .debug_frame   0x000003f0      0x2d8 CMakeFiles/DSPCrossCLion.elf.dir/Drivers/STM32F4xx_HAL_Driver/Src/stm32f4xx_hal_can.c.obj
 .debug_frame   0x000006c8      0x148 CMakeFiles/DSPCrossCLion.elf.dir/Drivers/STM32F4xx_HAL_Driver/Src/stm32f4xx_hal_cortex.c.obj
 .debug_frame   0x00000810       0xd8 CMakeFiles/DSPCrossCLion.elf.dir/Drivers/STM32F4xx_HAL_Driver/Src/stm32f4xx_hal_gpio.c.obj
 .debug_frame   0x000008e8       0xf4 CMakeFiles/DSPCrossCLion.elf.dir/Drivers/STM32F4xx_HAL_Driver/Src/stm32f4xx_hal_pwr_ex.c.obj
 .debug_frame   0x000009dc      0x16c CMakeFiles/DSPCrossCLion.elf.dir/Drivers/STM32F4xx_HAL_Driver/Src/stm32f4xx_hal_rcc.c.obj
 .debug_frame   0x00000b48       0x2c d:/program files/arm-toolchain/10 2021.10/bin/../lib/gcc/arm-none-eabi/10.3.1/thumb/v7e-m+fp/hard\libgcc.a(_aeabi_uldivmod.o)
 .debug_frame   0x00000b74       0x34 d:/program files/arm-toolchain/10 2021.10/bin/../lib/gcc/arm-none-eabi/10.3.1/thumb/v7e-m+fp/hard\libgcc.a(_udivmoddi4.o)
 .debug_frame   0x00000ba8       0x2c d:/program files/arm-toolchain/10 2021.10/bin/../lib/gcc/arm-none-eabi/10.3.1/../../../../arm-none-eabi/lib/thumb/v7e-m+fp/hard\libg.a(lib_a-init.o)
 .debug_frame   0x00000bd4       0x2c d:/program files/arm-toolchain/10 2021.10/bin/../lib/gcc/arm-none-eabi/10.3.1/../../../../arm-none-eabi/lib/thumb/v7e-m+fp/hard\libg.a(lib_a-memset.o)
 .debug_frame   0x00000c00       0x68 d:/program files/arm-toolchain/10 2021.10/bin/../lib/gcc/arm-none-eabi/10.3.1/../../../../arm-none-eabi/lib/thumb/v7e-m+fp/hard\libg.a(lib_a-__call_atexit.o)
 .debug_frame   0x00000c68       0x20 d:/program files/arm-toolchain/10 2021.10/bin/../lib/gcc/arm-none-eabi/10.3.1/../../../../arm-none-eabi/lib/thumb/v7e-m+fp/hard\libg.a(lib_a-atexit.o)
 .debug_frame   0x00000c88       0x34 d:/program files/arm-toolchain/10 2021.10/bin/../lib/gcc/arm-none-eabi/10.3.1/../../../../arm-none-eabi/lib/thumb/v7e-m+fp/hard\libg.a(lib_a-fini.o)
 .debug_frame   0x00000cbc       0xb0 d:/program files/arm-toolchain/10 2021.10/bin/../lib/gcc/arm-none-eabi/10.3.1/../../../../arm-none-eabi/lib/thumb/v7e-m+fp/hard\libg.a(lib_a-lock.o)
 .debug_frame   0x00000d6c       0x34 d:/program files/arm-toolchain/10 2021.10/bin/../lib/gcc/arm-none-eabi/10.3.1/../../../../arm-none-eabi/lib/thumb/v7e-m+fp/hard\libg.a(lib_a-__atexit.o)
